Component: ARM Compiler 5.06 update 6 (build 750) Tool: armlink [4d35ed]

==============================================================================

Section Cross References

    startup_stm32f10x_md.o(STACK) refers (Special) to heapauxi.o(.text) for __use_two_region_memory
    startup_stm32f10x_md.o(HEAP) refers (Special) to heapauxi.o(.text) for __use_two_region_memory
    startup_stm32f10x_md.o(RESET) refers (Special) to heapauxi.o(.text) for __use_two_region_memory
    startup_stm32f10x_md.o(RESET) refers to startup_stm32f10x_md.o(STACK) for __initial_sp
    startup_stm32f10x_md.o(RESET) refers to startup_stm32f10x_md.o(.text) for Reset_Handler
    startup_stm32f10x_md.o(RESET) refers to stm32f10x_it.o(i.NMI_Handler) for NMI_Handler
    startup_stm32f10x_md.o(RESET) refers to stm32f10x_it.o(i.HardFault_Handler) for HardFault_Handler
    startup_stm32f10x_md.o(RESET) refers to stm32f10x_it.o(i.MemManage_Handler) for MemManage_Handler
    startup_stm32f10x_md.o(RESET) refers to stm32f10x_it.o(i.BusFault_Handler) for BusFault_Handler
    startup_stm32f10x_md.o(RESET) refers to stm32f10x_it.o(i.UsageFault_Handler) for UsageFault_Handler
    startup_stm32f10x_md.o(RESET) refers to stm32f10x_it.o(i.SVC_Handler) for SVC_Handler
    startup_stm32f10x_md.o(RESET) refers to stm32f10x_it.o(i.DebugMon_Handler) for DebugMon_Handler
    startup_stm32f10x_md.o(RESET) refers to stm32f10x_it.o(i.PendSV_Handler) for PendSV_Handler
    startup_stm32f10x_md.o(RESET) refers to stm32f10x_it.o(i.SysTick_Handler) for SysTick_Handler
    startup_stm32f10x_md.o(RESET) refers to keyboard.o(i.EXTI0_IRQHandler) for EXTI0_IRQHandler
    startup_stm32f10x_md.o(RESET) refers to keyboard.o(i.EXTI1_IRQHandler) for EXTI1_IRQHandler
    startup_stm32f10x_md.o(RESET) refers to keyboard.o(i.EXTI2_IRQHandler) for EXTI2_IRQHandler
    startup_stm32f10x_md.o(RESET) refers to keyboard.o(i.EXTI3_IRQHandler) for EXTI3_IRQHandler
    startup_stm32f10x_md.o(RESET) refers to keyboard.o(i.EXTI9_5_IRQHandler) for EXTI9_5_IRQHandler
    startup_stm32f10x_md.o(RESET) refers to timer.o(i.TIM2_IRQHandler) for TIM2_IRQHandler
    startup_stm32f10x_md.o(RESET) refers to usart.o(i.USART1_IRQHandler) for USART1_IRQHandler
    startup_stm32f10x_md.o(.text) refers (Special) to heapauxi.o(.text) for __use_two_region_memory
    startup_stm32f10x_md.o(.text) refers to system_stm32f10x.o(i.SystemInit) for SystemInit
    startup_stm32f10x_md.o(.text) refers to __main.o(!!!main) for __main
    startup_stm32f10x_md.o(.text) refers to startup_stm32f10x_md.o(HEAP) for Heap_Mem
    startup_stm32f10x_md.o(.text) refers to startup_stm32f10x_md.o(STACK) for Stack_Mem
    system_stm32f10x.o(i.SetSysClock) refers to system_stm32f10x.o(i.SetSysClockTo72) for SetSysClockTo72
    system_stm32f10x.o(i.SystemCoreClockUpdate) refers to system_stm32f10x.o(.data) for SystemCoreClock
    system_stm32f10x.o(i.SystemInit) refers to system_stm32f10x.o(i.SetSysClock) for SetSysClock
    main.o(i.main) refers to oled.o(i.OLED_Init) for OLED_Init
    main.o(i.main) refers to gpio.o(i.GPIO_Set) for GPIO_Set
    main.o(i.main) refers to delay.o(i.Delay_ms) for Delay_ms
    main.o(i.main) refers to usart.o(i.Serial_Init) for Serial_Init
    main.o(i.main) refers to user.o(i.User_Init) for User_Init
    main.o(i.main) refers to timer.o(i.Timer_Init) for Timer_Init
    main.o(i.main) refers to stm32f10x_gpio.o(i.GPIO_SetBits) for GPIO_SetBits
    main.o(i.main) refers to oled.o(i.OLED_String) for OLED_String
    main.o(i.main) refers to oled.o(i.OLED_ShowString) for OLED_ShowString
    main.o(i.main) refers to gui.o(i.login) for login
    main.o(i.main) refers to gui.o(i.Reg) for Reg
    main.o(i.main) refers to main.o(.data) for i
    main.o(i.main) refers to main.o(.bss) for User
    stm32f10x_adc.o(i.ADC_DeInit) refers to stm32f10x_rcc.o(i.RCC_APB2PeriphResetCmd) for RCC_APB2PeriphResetCmd
    stm32f10x_bkp.o(i.BKP_DeInit) refers to stm32f10x_rcc.o(i.RCC_BackupResetCmd) for RCC_BackupResetCmd
    stm32f10x_can.o(i.CAN_DeInit) refers to stm32f10x_rcc.o(i.RCC_APB1PeriphResetCmd) for RCC_APB1PeriphResetCmd
    stm32f10x_can.o(i.CAN_GetITStatus) refers to stm32f10x_can.o(i.CheckITStatus) for CheckITStatus
    stm32f10x_cec.o(i.CEC_DeInit) refers to stm32f10x_rcc.o(i.RCC_APB1PeriphResetCmd) for RCC_APB1PeriphResetCmd
    stm32f10x_dac.o(i.DAC_DeInit) refers to stm32f10x_rcc.o(i.RCC_APB1PeriphResetCmd) for RCC_APB1PeriphResetCmd
    stm32f10x_flash.o(i.FLASH_EnableWriteProtection) refers to stm32f10x_flash.o(i.FLASH_WaitForLastOperation) for FLASH_WaitForLastOperation
    stm32f10x_flash.o(i.FLASH_EraseAllBank1Pages) refers to stm32f10x_flash.o(i.FLASH_WaitForLastBank1Operation) for FLASH_WaitForLastBank1Operation
    stm32f10x_flash.o(i.FLASH_EraseAllPages) refers to stm32f10x_flash.o(i.FLASH_WaitForLastOperation) for FLASH_WaitForLastOperation
    stm32f10x_flash.o(i.FLASH_EraseOptionBytes) refers to stm32f10x_flash.o(i.FLASH_GetReadOutProtectionStatus) for FLASH_GetReadOutProtectionStatus
[...]
    ../clib/printf_percent.s                 0x00000000   Number         0  _printf_e.o ABSOLUTE
    ../clib/printf_percent.s                 0x00000000   Number         0  _printf_f.o ABSOLUTE
    ../clib/printf_percent.s                 0x00000000   Number         0  _printf_u.o ABSOLUTE
    ../clib/printf_percent.s                 0x00000000   Number         0  _printf_percent.o ABSOLUTE
    ../clib/printf_percent.s                 0x00000000   Number         0  _printf_d.o ABSOLUTE
    ../clib/printf_percent.s                 0x00000000   Number         0  _printf_a.o ABSOLUTE
    ../clib/printf_percent.s                 0x00000000   Number         0  _printf_s.o ABSOLUTE
    ../clib/printf_percent.s                 0x00000000   Number         0  _printf_c.o ABSOLUTE
    ../clib/printf_percent.s                 0x00000000   Number         0  _printf_ls.o ABSOLUTE
    ../clib/printf_percent.s                 0x00000000   Number         0  _printf_n.o ABSOLUTE
    ../clib/printf_percent.s                 0x00000000   Number         0  _printf_x.o ABSOLUTE
    ../clib/printf_percent.s                 0x00000000   Number         0  _printf_llx.o ABSOLUTE
    ../clib/printf_percent.s                 0x00000000   Number         0  _printf_llo.o ABSOLUTE
    ../clib/printf_percent.s                 0x00000000   Number         0  _printf_p.o ABSOLUTE
    ../clib/printf_percent.s                 0x00000000   Number         0  _printf_lc.o ABSOLUTE
    ../clib/printf_percent.s                 0x00000000   Number         0  _printf_l.o ABSOLUTE
    ../clib/printf_percent.s                 0x00000000   Number         0  _printf_ll.o ABSOLUTE
    ../clib/printf_percent.s                 0x00000000   Number         0  _printf_llu.o ABSOLUTE
    ../clib/printf_percent.s                 0x00000000   Number         0  _printf_lld.o ABSOLUTE
    ../clib/printf_percent.s                 0x00000000   Number         0  _printf_lli.o ABSOLUTE
    ../clib/printf_percent.s                 0x00000000   Number         0  _printf_o.o ABSOLUTE
    ../clib/printf_percent.s                 0x00000000   Number         0  _printf_i.o ABSOLUTE
    ../clib/printf_percent.s                 0x00000000   Number         0  _printf_percent_end.o ABSOLUTE
    ../clib/printf_percent.s                 0x00000000   Number         0  _printf_g.o ABSOLUTE
    ../clib/scanf.c                          0x00000000   Number         0  atoi.o ABSOLUTE
    ../clib/scanf.c                          0x00000000   Number         0  _strtoul.o ABSOLUTE
    ../clib/scanf.c                          0x00000000   Number         0  strtol.o ABSOLUTE
    ../clib/scanf.c                          0x00000000   Number         0  _chval.o ABSOLUTE
    ../clib/signal.c                         0x00000000   Number         0  defsig_general.o ABSOLUTE
    ../clib/signal.c                         0x00000000   Number         0  defsig_rtmem_formal.o ABSOLUTE
    ../clib/signal.c                         0x00000000   Number         0  defsig_exit.o ABSOLUTE
    ../clib/signal.c                         0x00000000   Number         0  defsig_fpe_inner.o ABSOLUTE
    ../clib/signal.c                         0x00000000   Number         0  defsig_abrt_inner.o ABSOLUTE
    ../clib/signal.c                         0x00000000   Number         0  __raise.o ABSOLUTE
    ../clib/signal.c                         0x00000000   Number         0  defsig_rtmem_outer.o ABSOLUTE
    ../clib/signal.c                         0x00000000   Number         0  defsig_rtmem_inner.o ABSOLUTE
    ../clib/signal.c                         0x00000000   Number         0  defsig_rtred_inner.o ABSOLUTE
    ../clib/signal.c                         0x00000000   Number         0  defsig_stak_inner.o ABSOLUTE
    ../clib/signal.c                         0x00000000   Number         0  defsig_pvfn_inner.o ABSOLUTE
    ../clib/signal.c                         0x00000000   Number         0  defsig_cppl_inner.o ABSOLUTE
    ../clib/signal.c                         0x00000000   Number         0  defsig_segv_inner.o ABSOLUTE
    ../clib/signal.c                         0x00000000   Number         0  defsig_other.o ABSOLUTE
    ../clib/signal.s                         0x00000000   Number         0  defsig.o ABSOLUTE
    ../clib/stdlib.c                         0x00000000   Number         0  exit.o ABSOLUTE
    ../clib/string.c                         0x00000000   Number         0  strncmp.o ABSOLUTE
    ../clib/string.c                         0x00000000   Number         0  strlen.o ABSOLUTE
    ../clib/string.c                         0x00000000   Number         0  strtok_int.o ABSOLUTE
    ../clib/string.c                         0x00000000   Number         0  strcspn.o ABSOLUTE
    ../clib/string.c                         0x00000000   Number         0  strspn.o ABSOLUTE
    ../clib/string.c                         0x00000000   Number         0  strcat.o ABSOLUTE
    ../clib/string.c                         0x00000000   Number         0  strncat.o ABSOLUTE
    ../clib/string.c                         0x00000000   Number         0  strcpy.o ABSOLUTE
    ../clib/string.c                         0x00000000   Number         0  strtok.o ABSOLUTE
    ../fplib/fpinit.s                        0x00000000   Number         0  fpinit.o ABSOLUTE
    ../fplib/istatus.s                       0x00000000   Number         0  istatus.o ABSOLUTE
    ../fplib/printf1.s                       0x00000000   Number         0  printf1.o ABSOLUTE
    ../fplib/printf2.s                       0x00000000   Number         0  printf2.o ABSOLUTE
    ../fplib/printf2a.s                      0x00000000   Number         0  printf2a.o ABSOLUTE
    ../fplib/printf2b.s                      0x00000000   Number         0  printf2b.o ABSOLUTE
    ../fplib/usenofp.s                       0x00000000   Number         0  usenofp.o ABSOLUTE
    ../mathlib/fpclassify.c                  0x00000000   Number         0  fpclassify.o ABSOLUTE
    Account\User.c                           0x00000000   Number         0  user.o ABSOLUTE
    Hardware\GPIO.c                          0x00000000   Number         0  gpio.o ABSOLUTE
    Hardware\Keyboard.c                      0x00000000   Number         0  keyboard.o ABSOLUTE
    Hardware\Power.c                         0x00000000   Number         0  power.o ABSOLUTE
    Hardware\Timer.c                         0x00000000   Number         0  timer.o ABSOLUTE
    Hardware\USART.c                         0x00000000   Number         0  usart.o ABSOLUTE
    Hardware\oled.c                          0x00000000   Number         0  oled.o ABSOLUTE
    Interact\GUI.c                           0x00000000   Number         0  gui.o ABSOLUTE
    Libraries\misc.c                         0x00000000   Number         0  misc.o ABSOLUTE
    Libraries\stm32f10x_adc.c                0x00000000   Number         0  stm32f10x_adc.o ABSOLUTE
    Libraries\stm32f10x_bkp.c                0x00000000   Number         0  stm32f10x_bkp.o ABSOLUTE
    Libraries\stm32f10x_can.c                0x00000000   Number         0  stm32f10x_can.o ABSOLUTE
    Libraries\stm32f10x_cec.c                0x00000000   Number         0  stm32f10x_cec.o ABSOLUTE
    Libraries\stm32f10x_crc.c                0x00000000   Number         0  stm32f10x_crc.o ABSOLUTE
    Libraries\stm32f10x_dac.c                0x00000000   Number         0  stm32f10x_dac.o ABSOLUTE
    Libraries\stm32f10x_dbgmcu.c             0x00000000   Number         0  stm32f10x_dbgmcu.o ABSOLUTE
    Libraries\stm32f10x_dma.c                0x00000000   Number         0  stm32f10x_dma.o ABSOLUTE
    Libraries\stm32f10x_exti.c               0x00000000   Number         0  stm32f10x_exti.o ABSOLUTE
    Libraries\stm32f10x_flash.c              0x00000000   Number         0  stm32f10x_flash.o ABSOLUTE
    Libraries\stm32f10x_fsmc.c               0x00000000   Number         0  stm32f10x_fsmc.o ABSOLUTE
    Libraries\stm32f10x_gpio.c               0x00000000   Number         0  stm32f10x_gpio.o ABSOLUTE
    Libraries\stm32f10x_i2c.c                0x00000000   Number         0  stm32f10x_i2c.o ABSOLUTE
    Libraries\stm32f10x_iwdg.c               0x00000000   Number         0  stm32f10x_iwdg.o ABSOLUTE
    Libraries\stm32f10x_pwr.c                0x00000000   Number         0  stm32f10x_pwr.o ABSOLUTE
    Libraries\stm32f10x_rcc.c                0x00000000   Number         0  stm32f10x_rcc.o ABSOLUTE
    Libraries\stm32f10x_rtc.c                0x00000000   Number         0  stm32f10x_rtc.o ABSOLUTE
    Libraries\stm32f10x_sdio.c               0x00000000   Number         0  stm32f10x_sdio.o ABSOLUTE
    Libraries\stm32f10x_spi.c                0x00000000   Number         0  stm32f10x_spi.o ABSOLUTE
    Libraries\stm32f10x_tim.c                0x00000000   Number         0  stm32f10x_tim.o ABSOLUTE
    Libraries\stm32f10x_usart.c              0x00000000   Number         0  stm32f10x_usart.o ABSOLUTE
    Libraries\stm32f10x_wwdg.c               0x00000000   Number         0  stm32f10x_wwdg.o ABSOLUTE
    Start\\core_cm3.c                        0x00000000   Number         0  core_cm3.o ABSOLUTE
    Start\core_cm3.c                         0x00000000   Number         0  core_cm3.o ABSOLUTE
    Start\startup_stm32f10x_md.s             0x00000000   Number         0  startup_stm32f10x_md.o ABSOLUTE
    Start\system_stm32f10x.c                 0x00000000   Number         0  system_stm32f10x.o ABSOLUTE
    User\Delay.c                             0x00000000   Number         0  delay.o ABSOLUTE
    User\main.c                              0x00000000   Number         0  main.o ABSOLUTE
    User\stm32f10x_it.c                      0x00000000   Number         0  stm32f10x_it.o ABSOLUTE
    dc.s                                     0x00000000   Number         0  dc.o ABSOLUTE
    RESET                                    0x08000000   Section      236  startup_stm32f10x_md.o(RESET)
    !!!main                                  0x080000ec   Section        8  __main.o(!!!main)
    !!!scatter                               0x080000f4   Section       52  __scatter.o(!!!scatter)
    !!handler_copy                           0x08000128   Section       26  __scatter_copy.o(!!handler_copy)
    !!handler_zi                             0x08000144   Section       28  __scatter_zi.o(!!handler_zi)
    .ARM.Collect$$_printf_percent$$00000000  0x08000160   Section        0  _printf_percent.o(.ARM.Collect$$_printf_percent$$00000000)
    .ARM.Collect$$_printf_percent$$00000009  0x08000160   Section        6  _printf_d.o(.ARM.Collect$$_printf_percent$$00000009)
    .ARM.Collect$$_printf_percent$$00000017  0x08000166   Section        4  _printf_percent_end.o(.ARM.Collect$$_printf_percent$$00000017)
    .ARM.Collect$$libinit$$00000000          0x0800016a   Section        2  libinit.o(.ARM.Collect$$libinit$$00000000)
    .ARM.Collect$$libinit$$00000002          0x0800016c   Section        0  libinit2.o(.ARM.Collect$$libinit$$00000002)
    .ARM.Collect$$libinit$$00000004          0x0800016c   Section        0  libinit2.o(.ARM.Collect$$libinit$$00000004)
    .ARM.Collect$$libinit$$0000000A          0x0800016c   Section        0  libinit2.o(.ARM.Collect$$libinit$$0000000A)
    .ARM.Collect$$libinit$$0000000C          0x0800016c   Section        0  libinit2.o(.ARM.Collect$$libinit$$0000000C)
    .ARM.Collect$$libinit$$0000000E          0x0800016c   Section        0  libinit2.o(.ARM.Collect$$libinit$$0000000E)
    .ARM.Collect$$libinit$$0000000F          0x0800016c   Section        6  libinit2.o(.ARM.Collect$$libinit$$0000000F)
    .ARM.Collect$$libinit$$00000011          0x08000172   Section        0  libinit2.o(.ARM.Collect$$libinit$$00000011)
    .ARM.Collect$$libinit$$00000012          0x08000172   Section       12  libinit2.o(.ARM.Collect$$libinit$$00000012)
    .ARM.Collect$$libinit$$00000013          0x0800017e   Section        0  libinit2.o(.ARM.Collect$$libinit$$00000013)
    .ARM.Collect$$libinit$$00000015          0x0800017e   Section        0  libinit2.o(.ARM.Collect$$libinit$$00000015)
    .ARM.Collect$$libinit$$00000017          0x0800017e   Section        0  libinit2.o(.ARM.Collect$$libinit$$00000017)
    .ARM.Collect$$libinit$$00000019          0x0800017e   Section        0  libinit2.o(.ARM.Collect$$libinit$$00000019)
    .ARM.Collect$$libinit$$0000001B          0x0800017e   Section        0  libinit2.o(.ARM.Collect$$libinit$$0000001B)
    .ARM.Collect$$libinit$$0000001D          0x0800017e   Section        0  libinit2.o(.ARM.Collect$$libinit$$0000001D)
    .ARM.Collect$$libinit$$0000001F          0x0800017e   Section        0  libinit2.o(.ARM.Collect$$libinit$$0000001F)
    .ARM.Collect$$libinit$$00000021          0x0800017e   Section        0  libinit2.o(.ARM.Collect$$libinit$$00000021)
    .ARM.Collect$$libinit$$00000023          0x0800017e   Section        0  libinit2.o(.ARM.Collect$$libinit$$00000023)
    .ARM.Collect$$libinit$$00000025          0x0800017e   Section        0  libinit2.o(.ARM.Collect$$libinit$$00000025)
    .ARM.Collect$$libinit$$0000002C          0x0800017e   Section        0  libinit2.o(.ARM.Collect$$libinit$$0000002C)
    .ARM.Collect$$libinit$$0000002E          0x0800017e   Section        0  libinit2.o(.ARM.Collect$$libinit$$0000002E)
    .ARM.Collect$$libinit$$00000030          0x0800017e   Section        0  libinit2.o(.ARM.Collect$$libinit$$00000030)
    .ARM.Collect$$libinit$$00000032          0x0800017e   Section        0  libinit2.o(.ARM.Collect$$libinit$$00000032)
    .ARM.Collect$$libinit$$00000033          0x0800017e   Section        2  libinit2.o(.ARM.Collect$$libinit$$00000033)
    .ARM.Collect$$libshutdown$$00000000      0x08000180   Section        2  libshutdown.o(.ARM.Collect$$libshutdown$$00000000)
    .ARM.Collect$$libshutdown$$00000002      0x08000182   Section        0  libshutdown2.o(.ARM.Collect$$libshutdown$$00000002)
    .ARM.Collect$$libshutdown$$00000004      0x08000182   Section        0  libshutdown2.o(.ARM.Collect$$libshutdown$$00000004)
    .ARM.Collect$$libshutdown$$00000007      0x08000182   Section        0  libshutdown2.o(.ARM.Collect$$libshutdown$$00000007)
    .ARM.Collect$$libshutdown$$0000000A      0x08000182   Section        0  libshutdown2.o(.ARM.Collect$$libshutdown$$0000000A)
    .ARM.Collect$$libshutdown$$0000000C      0x08000182   Section        0  libshutdown2.o(.ARM.Collect$$libshutdown$$0000000C)
    .ARM.Collect$$libshutdown$$0000000F      0x08000182   Section        0  libshutdown2.o(.ARM.Collect$$libshutdown$$0000000F)
    .ARM.Collect$$libshutdown$$00000010      0x08000182   Section        2  libshutdown2.o(.ARM.Collect$$libshutdown$$00000010)
    .ARM.Collect$$rtentry$$00000000          0x08000184   Section        0  __rtentry.o(.ARM.Collect$$rtentry$$00000000)
    .ARM.Collect$$rtentry$$00000002          0x08000184   Section        0  __rtentry2.o(.ARM.Collect$$rtentry$$00000002)
    .ARM.Collect$$rtentry$$00000004          0x08000184   Section        6  __rtentry4.o(.ARM.Collect$$rtentry$$00000004)
    .ARM.Collect$$rtentry$$00000009          0x0800018a   Section        0  __rtentry2.o(.ARM.Collect$$rtentry$$00000009)
    .ARM.Collect$$rtentry$$0000000A          0x0800018a   Section        4  __rtentry2.o(.ARM.Collect$$rtentry$$0000000A)
    .ARM.Collect$$rtentry$$0000000C          0x0800018e   Section        0  __rtentry2.o(.ARM.Collect$$rtentry$$0000000C)
    .ARM.Collect$$rtentry$$0000000D          0x0800018e   Section        8  __rtentry2.o(.ARM.Collect$$rtentry$$0000000D)
    .ARM.Collect$$rtexit$$00000000           0x08000196   Section        2  rtexit.o(.ARM.Collect$$rtexit$$00000000)
    .ARM.Collect$$rtexit$$00000002           0x08000198   Section        0  rtexit2.o(.ARM.Collect$$rtexit$$00000002)
    .ARM.Collect$$rtexit$$00000003           0x08000198   Section        4  rtexit2.o(.ARM.Collect$$rtexit$$00000003)
    .ARM.Collect$$rtexit$$00000004           0x0800019c   Section        6  rtexit2.o(.ARM.Collect$$rtexit$$00000004)
    .text                                    0x080001a4   Section       64  startup_stm32f10x_md.o(.text)
    .text                                    0x080001e4   Section        0  __2sprintf.o(.text)
    .text                                    0x08000210   Section        0  _printf_dec.o(.text)
    .text                                    0x08000288   Section        0  __printf_flags_ss_wp.o(.text)
    .text                                    0x08000410   Section        0  atoi.o(.text)
    .text                                    0x0800042c   Section        0  strtok.o(.text)
    .text                                    0x08000438   Section        0  strncat.o(.text)
    .text                                    0x0800045c   Section        0  strcpy.o(.text)
    .text                                    0x080004a4   Section        0  strlen.o(.text)
    .text                                    0x080004e2   Section        0  strncmp.o(.text)
    .text                                    0x08000578   Section        0  strcat.o(.text)
    .text                                    0x08000590   Section       68  rt_memclr.o(.text)
    .text                                    0x080005d4   Section       78  rt_memclr_w.o(.text)
    .text                                    0x08000622   Section       86  strncpy.o(.text)
    .text                                    0x08000678   Section      128  strcmpv7m.o(.text)
    .text                                    0x080006f8   Section        0  heapauxi.o(.text)
    .text                                    0x08000700   Section        8  rt_errno_addr_intlibspace.o(.text)
    .text                                    0x08000708   Section        0  _printf_intcommon.o(.text)
    .text                                    0x080007bc   Section        0  _printf_char_common.o(.text)
    _printf_input_char                       0x080007bd   Thumb Code    10  _printf_char_common.o(.text)
    .text                                    0x080007ec   Section        0  _sputc.o(.text)
    .text                                    0x080007f6   Section        0  strtol.o(.text)
    .text                                    0x08000868   Section        0  strtok_int.o(.text)
    .text                                    0x080008ac   Section        8  libspace.o(.text)
    .text                                    0x080008b4   Section       16  rt_ctype_table.o(.text)
    .text                                    0x080008c4   Section        0  _strtoul.o(.text)
    .text                                    0x08000962   Section        0  strcspn.o(.text)
    .text                                    0x08000982   Section        0  strspn.o(.text)
    .text                                    0x0800099e   Section       74  sys_stackheap_outer.o(.text)
    .text                                    0x080009e8   Section        8  rt_locale_intlibspace.o(.text)
    .text                                    0x080009f0   Section        0  _chval.o(.text)
    .text                                    0x08000a0c   Section        0  exit.o(.text)
    .text                                    0x08000a20   Section        0  sys_exit.o(.text)
    .text                                    0x08000a2c   Section        2  use_no_semi.o(.text)
    .text                                    0x08000a2e   Section        0  indicate_semi.o(.text)
    i.AdminChange                            0x08000a30   Section        0  gui.o(i.AdminChange)
    i.AdminChangeMon                         0x08000b8c   Section        0  gui.o(i.AdminChangeMon)
    i.AdminChangeName                        0x08000dac   Section        0  gui.o(i.AdminChangeName)
    i.AdminChangePwd                         0x08001088   Section        0  gui.o(i.AdminChangePwd)
    i.AdminDelete                            0x080012a8   Section        0  gui.o(i.AdminDelete)
    i.AdminManage                            0x08001464   Section        0  gui.o(i.AdminManage)
    i.AdminOperate                           0x080016fc   Section        0  gui.o(i.AdminOperate)
    i.BusFault_Handler                       0x08001834   Section        0  stm32f10x_it.o(i.BusFault_Handler)
    i.ChaYuE                                 0x08001838   Section        0  gui.o(i.ChaYuE)
    i.ChangeMoney                            0x080019a0   Section        0  gui.o(i.ChangeMoney)
    i.ChangeUserInfo                         0x08001db8   Section        0  user.o(i.ChangeUserInfo)
    i.ConfirmPwd                             0x08001e58   Section        0  gui.o(i.ConfirmPwd)
    i.CunKuan                                0x080020bc   Section        0  gui.o(i.CunKuan)
    i.DebugMon_Handler                       0x0800237c   Section        0  stm32f10x_it.o(i.DebugMon_Handler)
    i.Delay_ms                               0x0800237e   Section        0  delay.o(i.Delay_ms)
    i.Delay_s                                0x08002396   Section        0  delay.o(i.Delay_s)
    i.Delay_us                               0x080023ae   Section        0  delay.o(i.Delay_us)
    i.DeleteUserInfo                         0x080023c8   Section        0  user.o(i.DeleteUserInfo)
    i.EXTI0_IRQHandler                       0x08002440   Section        0  keyboard.o(i.EXTI0_IRQHandler)
    i.EXTI1_IRQHandler                       0x08002554   Section        0  keyboard.o(i.EXTI1_IRQHandler)
    i.EXTI2_IRQHandler                       0x08002668   Section        0  keyboard.o(i.EXTI2_IRQHandler)
    i.EXTI3_IRQHandler                       0x0800277c   Section        0  keyboard.o(i.EXTI3_IRQHandler)
    i.EXTI9_5_IRQHandler                     0x08002890   Section        0  keyboard.o(i.EXTI9_5_IRQHandler)
    i.EXTI_ClearITPendingBit                 0x08002958   Section        0  stm32f10x_exti.o(i.EXTI_ClearITPendingBit)
    i.EXTI_GetITStatus                       0x08002964   Section        0  stm32f10x_exti.o(i.EXTI_GetITStatus)
    i.EXTI_Init                              0x0800298c   Section        0  stm32f10x_exti.o(i.EXTI_Init)
    i.FindUser                               0x08002a20   Section        0  user.o(i.FindUser)
    i.GPIO_EXTILineConfig                    0x08002a50   Section        0  stm32f10x_gpio.o(i.GPIO_EXTILineConfig)
    i.GPIO_Init                              0x08002a90   Section        0  stm32f10x_gpio.o(i.GPIO_Init)
    i.GPIO_ReadInputDataBit                  0x08002ba6   Section        0  stm32f10x_gpio.o(i.GPIO_ReadInputDataBit)
    i.GPIO_ResetBits                         0x08002bb8   Section        0  stm32f10x_gpio.o(i.GPIO_ResetBits)
    i.GPIO_Set                               0x08002bbc   Section        0  gpio.o(i.GPIO_Set)
    i.GPIO_SetBits                           0x08002d04   Section        0  stm32f10x_gpio.o(i.GPIO_SetBits)
    i.GPIO_WriteBit                          0x08002d08   Section        0  stm32f10x_gpio.o(i.GPIO_WriteBit)
    i.GetNumLength                           0x08002d12   Section        0  gui.o(i.GetNumLength)
    i.GetUnusedUserIndex                     0x08002d38   Section        0  gui.o(i.GetUnusedUserIndex)
    i.GetUserInfo                            0x08002d58   Section        0  user.o(i.GetUserInfo)
    i.HardFault_Handler                      0x08002df0   Section        0  stm32f10x_it.o(i.HardFault_Handler)
    i.InsertUserIndex                        0x08002df4   Section        0  user.o(i.InsertUserIndex)
    i.MemManage_Handler                      0x08002e10   Section        0  stm32f10x_it.o(i.MemManage_Handler)
    i.NMI_Handler                            0x08002e14   Section        0  stm32f10x_it.o(i.NMI_Handler)
    i.NVIC_Init                              0x08002e18   Section        0  misc.o(i.NVIC_Init)
    i.NVIC_PriorityGroupConfig               0x08002e88   Section        0  misc.o(i.NVIC_PriorityGroupConfig)
    i.OLED_Clear                             0x08002e9c   Section        0  oled.o(i.OLED_Clear)
    i.OLED_ClearLine                         0x08002ec8   Section        0  oled.o(i.OLED_ClearLine)
    i.OLED_I2C_Init                          0x08002eec   Section        0  oled.o(i.OLED_I2C_Init)
    i.OLED_I2C_SendByte                      0x08002f3c   Section        0  oled.o(i.OLED_I2C_SendByte)
    i.OLED_I2C_Start                         0x08002f90   Section        0  oled.o(i.OLED_I2C_Start)
    i.OLED_I2C_Stop                          0x08002fc4   Section        0  oled.o(i.OLED_I2C_Stop)
    i.OLED_Init                              0x08002fec   Section        0  oled.o(i.OLED_Init)
    i.OLED_Pow                               0x0800309a   Section        0  oled.o(i.OLED_Pow)
    i.OLED_SetCursor                         0x080030ae   Section        0  oled.o(i.OLED_SetCursor)
    i.OLED_ShowChar                          0x080030d0   Section        0  oled.o(i.OLED_ShowChar)
    i.OLED_ShowIcon                          0x08003144   Section        0  oled.o(i.OLED_ShowIcon)
    i.OLED_ShowNum                           0x080031b0   Section        0  oled.o(i.OLED_ShowNum)
    i.OLED_ShowString                        0x080031f4   Section        0  oled.o(i.OLED_ShowString)
    i.OLED_String                            0x0800321c   Section        0  oled.o(i.OLED_String)
    i.OLED_WriteCommand                      0x0800325a   Section        0  oled.o(i.OLED_WriteCommand)
    i.OLED_WriteData                         0x0800327a   Section        0  oled.o(i.OLED_WriteData)
    i.PWR_EnterSTOPMode                      0x0800329c   Section        0  stm32f10x_pwr.o(i.PWR_EnterSTOPMode)
    i.PendSV_Handler                         0x080032dc   Section        0  stm32f10x_it.o(i.PendSV_Handler)
    i.QuKuan                                 0x080032e0   Section        0  gui.o(i.QuKuan)
    i.RCC_APB1PeriphClockCmd                 0x08003634   Section        0  stm32f10x_rcc.o(i.RCC_APB1PeriphClockCmd)
    i.RCC_APB2PeriphClockCmd                 0x08003654   Section        0  stm32f10x_rcc.o(i.RCC_APB2PeriphClockCmd)
    i.RCC_GetClocksFreq                      0x08003674   Section        0  stm32f10x_rcc.o(i.RCC_GetClocksFreq)
    i.Reg                                    0x08003748   Section        0  gui.o(i.Reg)
    i.SVC_Handler                            0x080039a8   Section        0  stm32f10x_it.o(i.SVC_Handler)
    i.SendGet                                0x080039aa   Section        0  user.o(i.SendGet)
    i.Serial_Init                            0x080039d0   Section        0  usart.o(i.Serial_Init)
    i.Serial_SendByte                        0x08003a80   Section        0  usart.o(i.Serial_SendByte)
    i.Serial_SendString                      0x08003aa0   Section        0  usart.o(i.Serial_SendString)
    i.SetPwd                                 0x08003abc   Section        0  gui.o(i.SetPwd)
    i.SetSysClock                            0x08003e50   Section        0  system_stm32f10x.o(i.SetSysClock)
    SetSysClock                              0x08003e51   Thumb Code     8  system_stm32f10x.o(i.SetSysClock)
    i.SetSysClockTo72                        0x08003e58   Section        0  system_stm32f10x.o(i.SetSysClockTo72)
    SetSysClockTo72                          0x08003e59   Thumb Code   214  system_stm32f10x.o(i.SetSysClockTo72)
    i.SysTick_Handler                        0x08003f38   Section        0  stm32f10x_it.o(i.SysTick_Handler)
    i.SystemInit                             0x08003f3c   Section        0  system_stm32f10x.o(i.SystemInit)
    i.TIM2_IRQHandler                        0x08003f9c   Section        0  timer.o(i.TIM2_IRQHandler)
    i.TIM_ClearFlag                          0x0800403c   Section        0  stm32f10x_tim.o(i.TIM_ClearFlag)
    i.TIM_ClearITPendingBit                  0x08004042   Section        0  stm32f10x_tim.o(i.TIM_ClearITPendingBit)
    i.TIM_Cmd                                0x08004048   Section        0  stm32f10x_tim.o(i.TIM_Cmd)
    i.TIM_GetITStatus                        0x08004060   Section        0  stm32f10x_tim.o(i.TIM_GetITStatus)
    i.TIM_ITConfig                           0x08004082   Section        0  stm32f10x_tim.o(i.TIM_ITConfig)
    i.TIM_InternalClockConfig                0x08004094   Section        0  stm32f10x_tim.o(i.TIM_InternalClockConfig)
    i.TIM_TimeBaseInit                       0x080040a0   Section        0  stm32f10x_tim.o(i.TIM_TimeBaseInit)
    i.Timer_Init                             0x08004144   Section        0  timer.o(i.Timer_Init)
    i.Transfer                               0x080041b8   Section        0  gui.o(i.Transfer)
    i.TransferMoney                          0x08004424   Section        0  gui.o(i.TransferMoney)
    i.USART1_IRQHandler                      0x08004924   Section        0  usart.o(i.USART1_IRQHandler)
    i.USART_ClearITPendingBit                0x080049c4   Section        0  stm32f10x_usart.o(i.USART_ClearITPendingBit)
    i.USART_Cmd                              0x080049e2   Section        0  stm32f10x_usart.o(i.USART_Cmd)
    i.USART_GetFlagStatus                    0x080049fa   Section        0  stm32f10x_usart.o(i.USART_GetFlagStatus)
    i.USART_GetITStatus                      0x08004a14   Section        0  stm32f10x_usart.o(i.USART_GetITStatus)
    i.USART_ITConfig                         0x08004a68   Section        0  stm32f10x_usart.o(i.USART_ITConfig)
    i.USART_Init                             0x08004ab4   Section        0  stm32f10x_usart.o(i.USART_Init)
    i.USART_ReceiveData                      0x08004b8c   Section        0  stm32f10x_usart.o(i.USART_ReceiveData)
    i.USART_SendData                         0x08004b96   Section        0  stm32f10x_usart.o(i.USART_SendData)
    i.UsageFault_Handler                     0x08004b9e   Section        0  stm32f10x_it.o(i.UsageFault_Handler)
    i.UserOperate                            0x08004ba4   Section        0  gui.o(i.UserOperate)
    i.User_Init                              0x08004de0   Section        0  user.o(i.User_Init)
    i.YiChu                                  0x08004f88   Section        0  gui.o(i.YiChu)
    i._is_digit                              0x0800507c   Section        0  __printf_wp.o(i._is_digit)
    i.login                                  0x0800508c   Section        0  gui.o(i.login)
    i.main                                   0x080052e0   Section        0  main.o(i.main)
    i.verify                                 0x08005438   Section        0  gui.o(i.verify)
    locale$$code                             0x080057f8   Section       44  lc_ctype_c.o(locale$$code)
    .constdata                               0x08005824   Section     5872  oled.o(.constdata)
    .constdata                               0x08006f14   Section       17  __printf_flags_ss_wp.o(.constdata)
    maptable                                 0x08006f14   Data          17  __printf_flags_ss_wp.o(.constdata)
    locale$$data                             0x08006f48   Section      272  lc_ctype_c.o(locale$$data)
    __lcctype_c_name                         0x08006f4c   Data           2  lc_ctype_c.o(locale$$data)
    __lcctype_c_start                        0x08006f54   Data           0  lc_ctype_c.o(locale$$data)
    __lcctype_c_end                          0x08007058   Data           0  lc_ctype_c.o(locale$$data)
    .data                                    0x20000000   Section       40  main.o(.data)
    .data                                    0x20000028   Section       20  stm32f10x_rcc.o(.data)
    APBAHBPrescTable                         0x20000028   Data          16  stm32f10x_rcc.o(.data)
    ADCPrescTable                            0x20000038   Data           4  stm32f10x_rcc.o(.data)
    .data                                    0x2000003c   Section        3  usart.o(.data)
    RxState                                  0x2000003d   Data           1  usart.o(.data)
    pRxPacket                                0x2000003e   Data           1  usart.o(.data)
    .data                                    0x20000040   Section        4  strtok.o(.data)
    _strtok_saves1                           0x20000040   Data           4  strtok.o(.data)
    .bss                                     0x20000044   Section      336  main.o(.bss)
    .bss                                     0x20000194   Section      100  usart.o(.bss)
    .bss                                     0x200001f8   Section       96  libspace.o(.bss)
    HEAP                                     0x20000258   Section      512  startup_stm32f10x_md.o(HEAP)
    Heap_Mem                                 0x20000258   Data         512  startup_stm32f10x_md.o(HEAP)
    STACK                                    0x20000458   Section     1024  startup_stm32f10x_md.o(STACK)
    Stack_Mem                                0x20000458   Data        1024  startup_stm32f10x_md.o(STACK)
    __initial_sp                             0x20000858   Data           0  startup_stm32f10x_md.o(STACK)

    Global Symbols

    Symbol Name                              Value     Ov Type        Size  Object(Section)

    BuildAttributes$$THM_ISAv4$P$D$K$B$S$PE$A:L22UL41UL21$X:L11$S22US41US21$IEEE1$IW$USESV6$~STKCKD$USESV7$~SHL$OTIME$ROPI$IEEEJ$EBA8$UX$STANDARDLIB$REQ8$PRES8$EABIv2 0x00000000   Number         0  anon$$obj.o ABSOLUTE
    __ARM_use_no_argv                        0x00000000   Number         0  main.o ABSOLUTE
    _printf_flags                            0x00000000   Number         0  printf_stubs.o ABSOLUTE
    _printf_return_value                     0x00000000   Number         0  printf_stubs.o ABSOLUTE
    _printf_sizespec                         0x00000000   Number         0  printf_stubs.o ABSOLUTE
    _printf_widthprec                        0x00000000   Number         0  printf_stubs.o ABSOLUTE
    __ARM_exceptions_init                     - Undefined Weak Reference
    __alloca_initialize                       - Undefined Weak Reference
    __arm_preinit_                            - Undefined Weak Reference
    __cpp_initialize__aeabi_                  - Undefined Weak Reference
    __cxa_finalize                            - Undefined Weak Reference
    __sigvec_lookup                           - Undefined Weak Reference
    _atexit_init                              - Undefined Weak Reference
    _call_atexit_fns                          - Undefined Weak Reference
    _clock_init                               - Undefined Weak Reference
    _fp_trap_init                             - Undefined Weak Reference
    _fp_trap_shutdown                         - Undefined Weak Reference
    _get_lc_collate                           - Undefined Weak Reference
    _get_lc_monetary                          - Undefined Weak Reference
    _get_lc_time                              - Undefined Weak Reference
    _getenv_init                              - Undefined Weak Reference
    _handle_redirection                       - Undefined Weak Reference
    _init_alloc                               - Undefined Weak Reference
    _init_user_alloc                          - Undefined Weak Reference
    _initio                                   - Undefined Weak Reference
    _printf_mbtowc                            - Undefined Weak Reference
    _printf_wc                                - Undefined Weak Reference
    _rand_init                                - Undefined Weak Reference
    _signal_finish                            - Undefined Weak Reference
    _signal_init                              - Undefined Weak Reference
    _terminate_alloc                          - Undefined Weak Reference
    _terminate_user_alloc                     - Undefined Weak Reference
    _terminateio                              - Undefined Weak Reference
    __Vectors_Size                           0x000000ec   Number         0  startup_stm32f10x_md.o ABSOLUTE
    __Vectors                                0x08000000   Data           4  startup_stm32f10x_md.o(RESET)
    __Vectors_End                            0x080000ec   Data           0  startup_stm32f10x_md.o(RESET)
    __main                                   0x080000ed   Thumb Code     8  __main.o(!!!main)
    __scatterload                            0x080000f5   Thumb Code     0  __scatter.o(!!!scatter)
    __scatterload_rt2                        0x080000f5   Thumb Code    44  __scatter.o(!!!scatter)
    __scatterload_rt2_thumb_only             0x080000f5   Thumb Code     0  __scatter.o(!!!scatter)
    __scatterload_null                       0x08000103   Thumb Code     0  __scatter.o(!!!scatter)
    __scatterload_copy                       0x08000129   Thumb Code    26  __scatter_copy.o(!!handler_copy)
    __scatterload_zeroinit                   0x08000145   Thumb Code    28  __scatter_zi.o(!!handler_zi)
    _printf_d                                0x08000161   Thumb Code     0  _printf_d.o(.ARM.Collect$$_printf_percent$$00000009)
    _printf_percent                          0x08000161   Thumb Code     0  _printf_percent.o(.ARM.Collect$$_printf_percent$$00000000)
    _printf_percent_end                      0x08000167   Thumb Code     0  _printf_percent_end.o(.ARM.Collect$$_printf_percent$$00000017)
    __rt_lib_init                            0x0800016b   Thumb Code     0  libinit.o(.ARM.Collect$$libinit$$00000000)
    __rt_lib_init_fp_1                       0x0800016d   Thumb Code     0  libinit2.o(.ARM.Collect$$libinit$$00000002)
    __rt_lib_init_heap_1                     0x0800016d   Thumb Code     0  libinit2.o(.ARM.Collect$$libinit$$0000000A)
    __rt_lib_init_lc_common                  0x0800016d   Thumb Code     0  libinit2.o(.ARM.Collect$$libinit$$0000000F)
    __rt_lib_init_preinit_1                  0x0800016d   Thumb Code     0  libinit2.o(.ARM.Collect$$libinit$$00000004)
    __rt_lib_init_rand_1                     0x0800016d   Thumb Code     0  libinit2.o(.ARM.Collect$$libinit$$0000000E)
    __rt_lib_init_user_alloc_1               0x0800016d   Thumb Code     0  libinit2.o(.ARM.Collect$$libinit$$0000000C)
    __rt_lib_init_lc_collate_1               0x08000173   Thumb Code     0  libinit2.o(.ARM.Collect$$libinit$$00000011)
    __rt_lib_init_lc_ctype_2                 0x08000173   Thumb Code     0  libinit2.o(.ARM.Collect$$libinit$$00000012)
    __rt_lib_init_alloca_1                   0x0800017f   Thumb Code     0  libinit2.o(.ARM.Collect$$libinit$$0000002E)
    __rt_lib_init_argv_1                     0x0800017f   Thumb Code     0  libinit2.o(.ARM.Collect$$libinit$$0000002C)
    __rt_lib_init_atexit_1                   0x0800017f   Thumb Code     0  libinit2.o(.ARM.Collect$$libinit$$0000001B)
    __rt_lib_init_clock_1                    0x0800017f   Thumb Code     0  libinit2.o(.ARM.Collect$$libinit$$00000021)
    __rt_lib_init_cpp_1                      0x0800017f   Thumb Code     0  libinit2.o(.ARM.Collect$$libinit$$00000032)
    __rt_lib_init_exceptions_1               0x0800017f   Thumb Code     0  libinit2.o(.ARM.Collect$$libinit$$00000030)
    __rt_lib_init_fp_trap_1                  0x0800017f   Thumb Code     0  libinit2.o(.ARM.Collect$$libinit$$0000001F)
    __rt_lib_init_getenv_1                   0x0800017f   Thumb Code     0  libinit2.o(.ARM.Collect$$libinit$$00000023)
    __rt_lib_init_lc_ctype_1                 0x0800017f   Thumb Code     0  libinit2.o(.ARM.Collect$$libinit$$00000013)
    __rt_lib_init_lc_monetary_1              0x0800017f   Thumb Code     0  libinit2.o(.ARM.Collect$$libinit$$00000015)
    __rt_lib_init_lc_numeric_1               0x0800017f   Thumb Code     0  libinit2.o(.ARM.Collect$$libinit$$00000017)
    __rt_lib_init_lc_time_1                  0x0800017f   Thumb Code     0  libinit2.o(.ARM.Collect$$libinit$$00000019)
    __rt_lib_init_return                     0x0800017f   Thumb Code     0  libinit2.o(.ARM.Collect$$libinit$$00000033)
    __rt_lib_init_signal_1                   0x0800017f   Thumb Code     0  libinit2.o(.ARM.Collect$$libinit$$0000001D)
    __rt_lib_init_stdio_1                    0x0800017f   Thumb Code     0  libinit2.o(.ARM.Collect$$libinit$$00000025)
    __rt_lib_shutdown                        0x08000181   Thumb Code     0  libshutdown.o(.ARM.Collect$$libshutdown$$00000000)
    __rt_lib_shutdown_cpp_1                  0x08000183   Thumb Code     0  libshutdown2.o(.ARM.Collect$$libshutdown$$00000002)
    __rt_lib_shutdown_fp_trap_1              0x08000183   Thumb Code     0  libshutdown2.o(.ARM.Collect$$libshutdown$$00000007)
    __rt_lib_shutdown_heap_1                 0x08000183   Thumb Code     0  libshutdown2.o(.ARM.Collect$$libshutdown$$0000000F)
    __rt_lib_shutdown_return                 0x08000183   Thumb Code     0  libshutdown2.o(.ARM.Collect$$libshutdown$$00000010)
    __rt_lib_shutdown_signal_1               0x08000183   Thumb Code     0  libshutdown2.o(.ARM.Collect$$libshutdown$$0000000A)
    __rt_lib_shutdown_stdio_1                0x08000183   Thumb Code     0  libshutdown2.o(.ARM.Collect$$libshutdown$$00000004)
    __rt_lib_shutdown_user_alloc_1           0x08000183   Thumb Code     0  libshutdown2.o(.ARM.Collect$$libshutdown$$0000000C)
    __rt_entry                               0x08000185   Thumb Code     0  __rtentry.o(.ARM.Collect$$rtentry$$00000000)
    __rt_entry_presh_1                       0x08000185   Thumb Code     0  __rtentry2.o(.ARM.Collect$$rtentry$$00000002)
    __rt_entry_sh                            0x08000185   Thumb Code     0  __rtentry4.o(.ARM.Collect$$rtentry$$00000004)
    __rt_entry_li                            0x0800018b   Thumb Code     0  __rtentry2.o(.ARM.Collect$$rtentry$$0000000A)
    __rt_entry_postsh_1                      0x0800018b   Thumb Code     0  __rtentry2.o(.ARM.Collect$$rtentry$$00000009)
    __rt_entry_main                          0x0800018f   Thumb Code     0  __rtentry2.o(.ARM.Collect$$rtentry$$0000000D)
    __rt_entry_postli_1                      0x0800018f   Thumb Code     0  __rtentry2.o(.ARM.Collect$$rtentry$$0000000C)
    __rt_exit                                0x08000197   Thumb Code     0  rtexit.o(.ARM.Collect$$rtexit$$00000000)
    __rt_exit_ls                             0x08000199   Thumb Code     0  rtexit2.o(.ARM.Collect$$rtexit$$00000003)
    __rt_exit_prels_1                        0x08000199   Thumb Code     0  rtexit2.o(.ARM.Collect$$rtexit$$00000002)
    __rt_exit_exit                           0x0800019d   Thumb Code     0  rtexit2.o(.ARM.Collect$$rtexit$$00000004)
    Reset_Handler                            0x080001a5   Thumb Code     8  startup_stm32f10x_md.o(.text)
    ADC1_2_IRQHandler                        0x080001bf   Thumb Code     0  startup_stm32f10x_md.o(.text)
    CAN1_RX1_IRQHandler                      0x080001bf   Thumb Code     0  startup_stm32f10x_md.o(.text)
    CAN1_SCE_IRQHandler                      0x080001bf   Thumb Code     0  startup_stm32f10x_md.o(.text)
    DMA1_Channel1_IRQHandler                 0x080001bf   Thumb Code     0  startup_stm32f10x_md.o(.text)
    DMA1_Channel2_IRQHandler                 0x080001bf   Thumb Code     0  startup_stm32f10x_md.o(.text)
    DMA1_Channel3_IRQHandler                 0x080001bf   Thumb Code     0  startup_stm32f10x_md.o(.text)
    DMA1_Channel4_IRQHandler                 0x080001bf   Thumb Code     0  startup_stm32f10x_md.o(.text)
    DMA1_Channel5_IRQHandler                 0x080001bf   Thumb Code     0  startup_stm32f10x_md.o(.text)
    DMA1_Channel6_IRQHandler                 0x080001bf   Thumb Code     0  startup_stm32f10x_md.o(.text)
    DMA1_Channel7_IRQHandler                 0x080001bf   Thumb Code     0  startup_stm32f10x_md.o(.text)
    EXTI15_10_IRQHandler                     0x080001bf   Thumb Code     0  startup_stm32f10x_md.o(.text)
    EXTI4_IRQHandler                         0x080001bf   Thumb Code     0  startup_stm32f10x_md.o(.text)
    FLASH_IRQHandler                         0x080001bf   Thumb Code     0  startup_stm32f10x_md.o(.text)
    I2C1_ER_IRQHandler                       0x080001bf   Thumb Code     0  startup_stm32f10x_md.o(.text)
    I2C1_EV_IRQHandler                       0x080001bf   Thumb Code     0  startup_stm32f10x_md.o(.text)
    I2C2_ER_IRQHandler                       0x080001bf   Thumb Code     0  startup_stm32f10x_md.o(.text)
    I2C2_EV_IRQHandler                       0x080001bf   Thumb Code     0  startup_stm32f10x_md.o(.text)
    PVD_IRQHandler                           0x080001bf   Thumb Code     0  startup_stm32f10x_md.o(.text)
    RCC_IRQHandler                           0x080001bf   Thumb Code     0  startup_stm32f10x_md.o(.text)
    RTCAlarm_IRQHandler                      0x080001bf   Thumb Code     0  startup_stm32f10x_md.o(.text)
    RTC_IRQHandler                           0x080001bf   Thumb Code     0  startup_stm32f10x_md.o(.text)
    SPI1_IRQHandler                          0x080001bf   Thumb Code     0  startup_stm32f10x_md.o(.text)
    SPI2_IRQHandler                          0x080001bf   Thumb Code     0  startup_stm32f10x_md.o(.text)
    TAMPER_IRQHandler                        0x080001bf   Thumb Code     0  startup_stm32f10x_md.o(.text)
    TIM1_BRK_IRQHandler                      0x080001bf   Thumb Code     0  startup_stm32f10x_md.o(.text)
    TIM1_CC_IRQHandler                       0x080001bf   Thumb Code     0  startup_stm32f10x_md.o(.text)
    TIM1_TRG_COM_IRQHandler                  0x080001bf   Thumb Code     0  startup_stm32f10x_md.o(.text)
    TIM1_UP_IRQHandler                       0x080001bf   Thumb Code     0  startup_stm32f10x_md.o(.text)
    TIM3_IRQHandler                          0x080001bf   Thumb Code     0  startup_stm32f10x_md.o(.text)
    TIM4_IRQHandler                          0x080001bf   Thumb Code     0  startup_stm32f10x_md.o(.text)
    USART2_IRQHandler                        0x080001bf   Thumb Code     0  startup_stm32f10x_md.o(.text)
    USART3_IRQHandler                        0x080001bf   Thumb Code     0  startup_stm32f10x_md.o(.text)
    USBWakeUp_IRQHandler                     0x080001bf   Thumb Code     0  startup_stm32f10x_md.o(.text)
    USB_HP_CAN1_TX_IRQHandler                0x080001bf   Thumb Code     0  startup_stm32f10x_md.o(.text)
    USB_LP_CAN1_RX0_IRQHandler               0x080001bf   Thumb Code     0  startup_stm32f10x_md.o(.text)
    WWDG_IRQHandler                          0x080001bf   Thumb Code     0  startup_stm32f10x_md.o(.text)
    __user_initial_stackheap                 0x080001c1   Thumb Code     0  startup_stm32f10x_md.o(.text)
    __2sprintf                               0x080001e5   Thumb Code    38  __2sprintf.o(.text)
    _printf_int_dec                          0x08000211   Thumb Code   104  _printf_dec.o(.text)
    __printf                                 0x08000289   Thumb Code   388  __printf_flags_ss_wp.o(.text)
    atoi                                     0x08000411   Thumb Code    26  atoi.o(.text)
    strtok                                   0x0800042d   Thumb Code     6  strtok.o(.text)
    strncat                                  0x08000439   Thumb Code    36  strncat.o(.text)
    strcpy                                   0x0800045d   Thumb Code    72  strcpy.o(.text)
    strlen                                   0x080004a5   Thumb Code    62  strlen.o(.text)
    strncmp                                  0x080004e3   Thumb Code   150  strncmp.o(.text)
    strcat                                   0x08000579   Thumb Code    24  strcat.o(.text)
    __aeabi_memclr                           0x08000591   Thumb Code     0  rt_memclr.o(.text)
    __rt_memclr                              0x08000591   Thumb Code    68  rt_memclr.o(.text)
    _memset                                  0x08000595   Thumb Code     0  rt_memclr.o(.text)
    __aeabi_memclr4                          0x080005d5   Thumb Code     0  rt_memclr_w.o(.text)
    __aeabi_memclr8                          0x080005d5   Thumb Code     0  rt_memclr_w.o(.text)
    __rt_memclr_w                            0x080005d5   Thumb Code    78  rt_memclr_w.o(.text)
    _memset_w                                0x080005d9   Thumb Code     0  rt_memclr_w.o(.text)
    strncpy                                  0x08000623   Thumb Code    86  strncpy.o(.text)
    strcmp                                   0x08000679   Thumb Code   128  strcmpv7m.o(.text)
    __use_two_region_memory                  0x080006f9   Thumb Code     2  heapauxi.o(.text)
    __rt_heap_escrow$2region                 0x080006fb   Thumb Code     2  heapauxi.o(.text)
    __rt_heap_expand$2region                 0x080006fd   Thumb Code     2  heapauxi.o(.text)
    __aeabi_errno_addr                       0x08000701   Thumb Code     8  rt_errno_addr_intlibspace.o(.text)
    __errno$intlibspace                      0x08000701   Thumb Code     0  rt_errno_addr_intlibspace.o(.text)
    __rt_errno_addr$intlibspace              0x08000701   Thumb Code     0  rt_errno_addr_intlibspace.o(.text)
    _printf_int_common                       0x08000709   Thumb Code   178  _printf_intcommon.o(.text)
    _printf_char_common                      0x080007c7   Thumb Code    32  _printf_char_common.o(.text)
    _sputc                                   0x080007ed   Thumb Code    10  _sputc.o(.text)
    strtol                                   0x080007f7   Thumb Code   112  strtol.o(.text)
    __strtok_internal                        0x08000869   Thumb Code    64  strtok_int.o(.text)
    __user_libspace                          0x080008ad   Thumb Code     8  libspace.o(.text)
    __user_perproc_libspace                  0x080008ad   Thumb Code     0  libspace.o(.text)
    __user_perthread_libspace                0x080008ad   Thumb Code     0  libspace.o(.text)
    __rt_ctype_table                         0x080008b5   Thumb Code    16  rt_ctype_table.o(.text)
    _strtoul                                 0x080008c5   Thumb Code   158  _strtoul.o(.text)
    strcspn                                  0x08000963   Thumb Code    32  strcspn.o(.text)
    strspn                                   0x08000983   Thumb Code    28  strspn.o(.text)
    __user_setup_stackheap                   0x0800099f   Thumb Code    74  sys_stackheap_outer.o(.text)
    __rt_locale                              0x080009e9   Thumb Code     8  rt_locale_intlibspace.o(.text)
    _chval                                   0x080009f1   Thumb Code    28  _chval.o(.text)
    exit                                     0x08000a0d   Thumb Code    18  exit.o(.text)
    _sys_exit                                0x08000a21   Thumb Code     8  sys_exit.o(.text)
    __I$use$semihosting                      0x08000a2d   Thumb Code     0  use_no_semi.o(.text)
    __use_no_semihosting_swi                 0x08000a2d   Thumb Code     2  use_no_semi.o(.text)
    __semihosting_library_function           0x08000a2f   Thumb Code     0  indicate_semi.o(.text)
    AdminChange                              0x08000a31   Thumb Code   312  gui.o(i.AdminChange)
    AdminChangeMon                           0x08000b8d   Thumb Code   490  gui.o(i.AdminChangeMon)
    AdminChangeName                          0x08000dad   Thumb Code   678  gui.o(i.AdminChangeName)
    AdminChangePwd                           0x08001089   Thumb Code   492  gui.o(i.AdminChangePwd)
    AdminDelete                              0x080012a9   Thumb Code   390  gui.o(i.AdminDelete)
    AdminManage                              0x08001465   Thumb Code   616  gui.o(i.AdminManage)
    AdminOperate                             0x080016fd   Thumb Code   270  gui.o(i.AdminOperate)
    BusFault_Handler                         0x08001835   Thumb Code     4  stm32f10x_it.o(i.BusFault_Handler)
    ChaYuE                                   0x08001839   Thumb Code   322  gui.o(i.ChaYuE)
    ChangeMoney                              0x080019a1   Thumb Code  1048  gui.o(i.ChangeMoney)
    ChangeUserInfo                           0x08001db9   Thumb Code   144  user.o(i.ChangeUserInfo)
    ConfirmPwd                               0x08001e59   Thumb Code   572  gui.o(i.ConfirmPwd)
    CunKuan                                  0x080020bd   Thumb Code   662  gui.o(i.CunKuan)
    DebugMon_Handler                         0x0800237d   Thumb Code     2  stm32f10x_it.o(i.DebugMon_Handler)
    Delay_ms                                 0x0800237f   Thumb Code    24  delay.o(i.Delay_ms)
    Delay_s                                  0x08002397   Thumb Code    24  delay.o(i.Delay_s)
    Delay_us                                 0x080023af   Thumb Code    24  delay.o(i.Delay_us)
    DeleteUserInfo                           0x080023c9   Thumb Code   106  user.o(i.DeleteUserInfo)
    EXTI0_IRQHandler                         0x08002441   Thumb Code   268  keyboard.o(i.EXTI0_IRQHandler)
    EXTI1_IRQHandler                         0x08002555   Thumb Code   268  keyboard.o(i.EXTI1_IRQHandler)
    EXTI2_IRQHandler                         0x08002669   Thumb Code   268  keyboard.o(i.EXTI2_IRQHandler)
    EXTI3_IRQHandler                         0x0800277d   Thumb Code   268  keyboard.o(i.EXTI3_IRQHandler)
    EXTI9_5_IRQHandler                       0x08002891   Thumb Code   188  keyboard.o(i.EXTI9_5_IRQHandler)
    EXTI_ClearITPendingBit                   0x08002959   Thumb Code     6  stm32f10x_exti.o(i.EXTI_ClearITPendingBit)
    EXTI_GetITStatus                         0x08002965   Thumb Code    34  stm32f10x_exti.o(i.EXTI_GetITStatus)
    EXTI_Init                                0x0800298d   Thumb Code   142  stm32f10x_exti.o(i.EXTI_Init)
    FindUser                                 0x08002a21   Thumb Code    44  user.o(i.FindUser)
    GPIO_EXTILineConfig                      0x08002a51   Thumb Code    60  stm32f10x_gpio.o(i.GPIO_EXTILineConfig)
    GPIO_Init                                0x08002a91   Thumb Code   278  stm32f10x_gpio.o(i.GPIO_Init)
    GPIO_ReadInputDataBit                    0x08002ba7   Thumb Code    18  stm32f10x_gpio.o(i.GPIO_ReadInputDataBit)
    GPIO_ResetBits                           0x08002bb9   Thumb Code     4  stm32f10x_gpio.o(i.GPIO_ResetBits)
    GPIO_Set                                 0x08002bbd   Thumb Code   316  gpio.o(i.GPIO_Set)
    GPIO_SetBits                             0x08002d05   Thumb Code     4  stm32f10x_gpio.o(i.GPIO_SetBits)
    GPIO_WriteBit                            0x08002d09   Thumb Code    10  stm32f10x_gpio.o(i.GPIO_WriteBit)
    GetNumLength                             0x08002d13   Thumb Code    36  gui.o(i.GetNumLength)
    GetUnusedUserIndex                       0x08002d39   Thumb Code    28  gui.o(i.GetUnusedUserIndex)
    GetUserInfo                              0x08002d59   Thumb Code   140  user.o(i.GetUserInfo)
    HardFault_Handler                        0x08002df1   Thumb Code     4  stm32f10x_it.o(i.HardFault_Handler)
    InsertUserIndex                          0x08002df5   Thumb Code    20  user.o(i.InsertUserIndex)
    MemManage_Handler                        0x08002e11   Thumb Code     4  stm32f10x_it.o(i.MemManage_Handler)
    NMI_Handler                              0x08002e15   Thumb Code     2  stm32f10x_it.o(i.NMI_Handler)
    NVIC_Init                                0x08002e19   Thumb Code   100  misc.o(i.NVIC_Init)
    NVIC_PriorityGroupConfig                 0x08002e89   Thumb Code    10  misc.o(i.NVIC_PriorityGroupConfig)
    OLED_Clear                               0x08002e9d   Thumb Code    42  oled.o(i.OLED_Clear)
    OLED_ClearLine                           0x08002ec9   Thumb Code    16  oled.o(i.OLED_ClearLine)
    OLED_I2C_Init                            0x08002eed   Thumb Code    76  oled.o(i.OLED_I2C_Init)
    OLED_I2C_SendByte                        0x08002f3d   Thumb Code    80  oled.o(i.OLED_I2C_SendByte)
    OLED_I2C_Start                           0x08002f91   Thumb Code    48  oled.o(i.OLED_I2C_Start)
    OLED_I2C_Stop                            0x08002fc5   Thumb Code    36  oled.o(i.OLED_I2C_Stop)
    OLED_Init                                0x08002fed   Thumb Code   174  oled.o(i.OLED_Init)
    OLED_Pow                                 0x0800309b   Thumb Code    20  oled.o(i.OLED_Pow)
    OLED_SetCursor                           0x080030af   Thumb Code    34  oled.o(i.OLED_SetCursor)
    OLED_ShowChar                            0x080030d1   Thumb Code   110  oled.o(i.OLED_ShowChar)
    OLED_ShowIcon                            0x08003145   Thumb Code   102  oled.o(i.OLED_ShowIcon)
    OLED_ShowNum                             0x080031b1   Thumb Code    68  oled.o(i.OLED_ShowNum)
    OLED_ShowString                          0x080031f5   Thumb Code    40  oled.o(i.OLED_ShowString)
    OLED_String                              0x0800321d   Thumb Code    62  oled.o(i.OLED_String)
    OLED_WriteCommand                        0x0800325b   Thumb Code    32  oled.o(i.OLED_WriteCommand)
    OLED_WriteData                           0x0800327b   Thumb Code    32  oled.o(i.OLED_WriteData)
    PWR_EnterSTOPMode                        0x0800329d   Thumb Code    54  stm32f10x_pwr.o(i.PWR_EnterSTOPMode)
    PendSV_Handler                           0x080032dd   Thumb Code     2  stm32f10x_it.o(i.PendSV_Handler)
    QuKuan                                   0x080032e1   Thumb Code   812  gui.o(i.QuKuan)
    RCC_APB1PeriphClockCmd                   0x08003635   Thumb Code    26  stm32f10x_rcc.o(i.RCC_APB1PeriphClockCmd)
    RCC_APB2PeriphClockCmd                   0x08003655   Thumb Code    26  stm32f10x_rcc.o(i.RCC_APB2PeriphClockCmd)
    RCC_GetClocksFreq                        0x08003675   Thumb Code   192  stm32f10x_rcc.o(i.RCC_GetClocksFreq)
    Reg                                      0x08003749   Thumb Code   572  gui.o(i.Reg)
    SVC_Handler                              0x080039a9   Thumb Code     2  stm32f10x_it.o(i.SVC_Handler)
    SendGet                                  0x080039ab   Thumb Code    38  user.o(i.SendGet)
    Serial_Init                              0x080039d1   Thumb Code   166  usart.o(i.Serial_Init)
    Serial_SendByte                          0x08003a81   Thumb Code    28  usart.o(i.Serial_SendByte)
    Serial_SendString                        0x08003aa1   Thumb Code    26  usart.o(i.Serial_SendString)
    SetPwd                                   0x08003abd   Thumb Code   880  gui.o(i.SetPwd)
    SysTick_Handler                          0x08003f39   Thumb Code     2  stm32f10x_it.o(i.SysTick_Handler)
    SystemInit                               0x08003f3d   Thumb Code    78  system_stm32f10x.o(i.SystemInit)
    TIM2_IRQHandler                          0x08003f9d   Thumb Code   138  timer.o(i.TIM2_IRQHandler)
    TIM_ClearFlag                            0x0800403d   Thumb Code     6  stm32f10x_tim.o(i.TIM_ClearFlag)
    TIM_ClearITPendingBit                    0x08004043   Thumb Code     6  stm32f10x_tim.o(i.TIM_ClearITPendingBit)
    TIM_Cmd                                  0x08004049   Thumb Code    24  stm32f10x_tim.o(i.TIM_Cmd)
    TIM_GetITStatus                          0x08004061   Thumb Code    34  stm32f10x_tim.o(i.TIM_GetITStatus)
    TIM_ITConfig                             0x08004083   Thumb Code    18  stm32f10x_tim.o(i.TIM_ITConfig)
    TIM_InternalClockConfig                  0x08004095   Thumb Code    12  stm32f10x_tim.o(i.TIM_InternalClockConfig)
    TIM_TimeBaseInit                         0x080040a1   Thumb Code   122  stm32f10x_tim.o(i.TIM_TimeBaseInit)
    Timer_Init                               0x08004145   Thumb Code   116  timer.o(i.Timer_Init)
    Transfer                                 0x080041b9   Thumb Code   586  gui.o(i.Transfer)
    TransferMoney                            0x08004425   Thumb Code  1272  gui.o(i.TransferMoney)
    USART1_IRQHandler                        0x08004925   Thumb Code   140  usart.o(i.USART1_IRQHandler)
    USART_ClearITPendingBit                  0x080049c5   Thumb Code    30  stm32f10x_usart.o(i.USART_ClearITPendingBit)
    USART_Cmd                                0x080049e3   Thumb Code    24  stm32f10x_usart.o(i.USART_Cmd)
    USART_GetFlagStatus                      0x080049fb   Thumb Code    26  stm32f10x_usart.o(i.USART_GetFlagStatus)
    USART_GetITStatus                        0x08004a15   Thumb Code    84  stm32f10x_usart.o(i.USART_GetITStatus)
    USART_ITConfig                           0x08004a69   Thumb Code    74  stm32f10x_usart.o(i.USART_ITConfig)
    USART_Init                               0x08004ab5   Thumb Code   210  stm32f10x_usart.o(i.USART_Init)
    USART_ReceiveData                        0x08004b8d   Thumb Code    10  stm32f10x_usart.o(i.USART_ReceiveData)
    USART_SendData                           0x08004b97   Thumb Code     8  stm32f10x_usart.o(i.USART_SendData)
    UsageFault_Handler                       0x08004b9f   Thumb Code     4  stm32f10x_it.o(i.UsageFault_Handler)
    UserOperate                              0x08004ba5   Thumb Code   536  gui.o(i.UserOperate)
    User_Init                                0x08004de1   Thumb Code   386  user.o(i.User_Init)
    YiChu                                    0x08004f89   Thumb Code   222  gui.o(i.YiChu)
    _is_digit                                0x0800507d   Thumb Code    14  __printf_wp.o(i._is_digit)
    login                                    0x0800508d   Thumb Code   560  gui.o(i.login)
    main                                     0x080052e1   Thumb Code   308  main.o(i.main)
    verify                                   0x08005439   Thumb Code   940  gui.o(i.verify)
    _get_lc_ctype                            0x080057f9   Thumb Code    44  lc_ctype_c.o(locale$$code)
    OLED_F8x16                               0x08005824   Data        1520  oled.o(.constdata)
    OLED_F16x16                              0x08005e14   Data        4352  oled.o(.constdata)
    Region$$Table$$Base                      0x08006f28   Number         0  anon$$obj.o(Region$$Table)
    Region$$Table$$Limit                     0x08006f48   Number         0  anon$$obj.o(Region$$Table)
    __ctype                                  0x08006f55   Data           0  lc_ctype_c.o(locale$$data)
    count                                    0x20000000   Data           1  main.o(.data)
    i                                        0x20000004   Data           4  main.o(.data)
    j                                        0x20000008   Data           4  main.o(.data)
    OLED_HandlerFlag                         0x2000000c   Data           4  main.o(.data)
    keynum                                   0x20000010   Data           4  main.o(.data)
    CycleEnable                              0x20000014   Data           4  main.o(.data)
    Admin_Flag                               0x20000018   Data           4  main.o(.data)
    Sleep_Flag                               0x2000001c   Data           4  main.o(.data)
    a                                        0x20000020   Data           8  main.o(.data)
    Serial_RxFlag                            0x2000003c   Data           1  usart.o(.data)
    List_Origin                              0x20000044   Data          50  main.o(.bss)
    List                                     0x20000078   Data          44  main.o(.bss)
    User                                     0x200000a4   Data         240  main.o(.bss)
    Serial_RxPacket                          0x20000194   Data         100  usart.o(.bss)
    __libspace_start                         0x200001f8   Data          96  libspace.o(.bss)
    __temporary_stack_top$libspace           0x20000258   Data           0  libspace.o(.bss)



==============================================================================

Memory Map of the image

  Image Entry point : 0x080001a5

  Load Region LR_1 (Base: 0x08000000, Size: 0x0000709c, Max: 0xffffffff, ABSOLUTE)

    Execution Region ER_RO (Exec base: 0x08000000, Load base: 0x08000000, Size: 0x00007058, Max: 0xffffffff, ABSOLUTE)

    Exec Addr    Load Addr    Size         Type   Attr      Idx    E Section Name        Object

    0x08000000   0x08000000   0x000000ec   Data   RO           19    RESET               startup_stm32f10x_md.o
    0x080000ec   0x080000ec   0x00000008   Code   RO         3891  * !!!main             c_w.l(__main.o)
    0x080000f4   0x080000f4   0x00000034   Code   RO         4201    !!!scatter          c_w.l(__scatter.o)
    0x08000128   0x08000128   0x0000001a   Code   RO         4203    !!handler_copy      c_w.l(__scatter_copy.o)
    0x08000142   0x08000142   0x00000002   PAD
    0x08000144   0x08000144   0x0000001c   Code   RO         4205    !!handler_zi        c_w.l(__scatter_zi.o)
    0x08000160   0x08000160   0x00000000   Code   RO         3865    .ARM.Collect$$_printf_percent$$00000000  c_w.l(_printf_percent.o)
    0x08000160   0x08000160   0x00000006   Code   RO         3864    .ARM.Collect$$_printf_percent$$00000009  c_w.l(_printf_d.o)
    0x08000166   0x08000166   0x00000004   Code   RO         3957    .ARM.Collect$$_printf_percent$$00000017  c_w.l(_printf_percent_end.o)
    0x0800016a   0x0800016a   0x00000002   Code   RO         4069    .ARM.Collect$$libinit$$00000000  c_w.l(libinit.o)
    0x0800016c   0x0800016c   0x00000000   Code   RO         4078    .ARM.Collect$$libinit$$00000002  c_w.l(libinit2.o)
    0x0800016c   0x0800016c   0x00000000   Code   RO         4080    .ARM.Collect$$libinit$$00000004  c_w.l(libinit2.o)
    0x0800016c   0x0800016c   0x00000000   Code   RO         4083    .ARM.Collect$$libinit$$0000000A  c_w.l(libinit2.o)
    0x0800016c   0x0800016c   0x00000000   Code   RO         4085    .ARM.Collect$$libinit$$0000000C  c_w.l(libinit2.o)
    0x0800016c   0x0800016c   0x00000000   Code   RO         4087    .ARM.Collect$$libinit$$0000000E  c_w.l(libinit2.o)
    0x0800016c   0x0800016c   0x00000006   Code   RO         4088    .ARM.Collect$$libinit$$0000000F  c_w.l(libinit2.o)
    0x08000172   0x08000172   0x00000000   Code   RO         4090    .ARM.Collect$$libinit$$00000011  c_w.l(libinit2.o)
    0x08000172   0x08000172   0x0000000c   Code   RO         4091    .ARM.Collect$$libinit$$00000012  c_w.l(libinit2.o)
    0x0800017e   0x0800017e   0x00000000   Code   RO         4092    .ARM.Collect$$libinit$$00000013  c_w.l(libinit2.o)
    0x0800017e   0x0800017e   0x00000000   Code   RO         4094    .ARM.Collect$$libinit$$00000015  c_w.l(libinit2.o)
    0x0800017e   0x0800017e   0x00000000   Code   RO         4096    .ARM.Collect$$libinit$$00000017  c_w.l(libinit2.o)
    0x0800017e   0x0800017e   0x00000000   Code   RO         4098    .ARM.Collect$$libinit$$00000019  c_w.l(libinit2.o)
    0x0800017e   0x0800017e   0x00000000   Code   RO         4100    .ARM.Collect$$libinit$$0000001B  c_w.l(libinit2.o)
    0x0800017e   0x0800017e   0x00000000   Code   RO         4102    .ARM.Collect$$libinit$$0000001D  c_w.l(libinit2.o)
    0x0800017e   0x0800017e   0x00000000   Code   RO         4104    .ARM.Collect$$libinit$$0000001F  c_w.l(libinit2.o)
    0x0800017e   0x0800017e   0x00000000   Code   RO         4106    .ARM.Collect$$libinit$$00000021  c_w.l(libinit2.o)
    0x0800017e   0x0800017e   0x00000000   Code   RO         4108    .ARM.Collect$$libinit$$00000023  c_w.l(libinit2.o)
    0x0800017e   0x0800017e   0x00000000   Code   RO         4110    .ARM.Collect$$libinit$$00000025  c_w.l(libinit2.o)
    0x0800017e   0x0800017e   0x00000000   Code   RO         4114    .ARM.Collect$$libinit$$0000002C  c_w.l(libinit2.o)
    0x0800017e   0x0800017e   0x00000000   Code   RO         4116    .ARM.Collect$$libinit$$0000002E  c_w.l(libinit2.o)
    0x0800017e   0x0800017e   0x00000000   Code   RO         4118    .ARM.Collect$$libinit$$00000030  c_w.l(libinit2.o)
    0x0800017e   0x0800017e   0x00000000   Code   RO         4120    .ARM.Collect$$libinit$$00000032  c_w.l(libinit2.o)
    0x0800017e   0x0800017e   0x00000002   Code   RO         4121    .ARM.Collect$$libinit$$00000033  c_w.l(libinit2.o)
    0x08000180   0x08000180   0x00000002   Code   RO         4141    .ARM.Collect$$libshutdown$$00000000  c_w.l(libshutdown.o)
    0x08000182   0x08000182   0x00000000   Code   RO         4154    .ARM.Collect$$libshutdown$$00000002  c_w.l(libshutdown2.o)
    0x08000182   0x08000182   0x00000000   Code   RO         4156    .ARM.Collect$$libshutdown$$00000004  c_w.l(libshutdown2.o)
    0x08000182   0x08000182   0x00000000   Code   RO         4159    .ARM.Collect$$libshutdown$$00000007  c_w.l(libshutdown2.o)
    0x08000182   0x08000182   0x00000000   Code   RO         4162    .ARM.Collect$$libshutdown$$0000000A  c_w.l(libshutdown2.o)
    0x08000182   0x08000182   0x00000000   Code   RO         4164    .ARM.Collect$$libshutdown$$0000000C  c_w.l(libshutdown2.o)
    0x08000182   0x08000182   0x00000000   Code   RO         4167    .ARM.Collect$$libshutdown$$0000000F  c_w.l(libshutdown2.o)
    0x08000182   0x08000182   0x00000002   Code   RO         4168    .ARM.Collect$$libshutdown$$00000010  c_w.l(libshutdown2.o)
    0x08000184   0x08000184   0x00000000   Code   RO         3893    .ARM.Collect$$rtentry$$00000000  c_w.l(__rtentry.o)
    0x08000184   0x08000184   0x00000000   Code   RO         3983    .ARM.Collect$$rtentry$$00000002  c_w.l(__rtentry2.o)
    0x08000184   0x08000184   0x00000006   Code   RO         3995    .ARM.Collect$$rtentry$$00000004  c_w.l(__rtentry4.o)
    0x0800018a   0x0800018a   0x00000000   Code   RO         3985    .ARM.Collect$$rtentry$$00000009  c_w.l(__rtentry2.o)
    0x0800018a   0x0800018a   0x00000004   Code   RO         3986    .ARM.Collect$$rtentry$$0000000A  c_w.l(__rtentry2.o)
    0x0800018e   0x0800018e   0x00000000   Code   RO         3988    .ARM.Collect$$rtentry$$0000000C  c_w.l(__rtentry2.o)
    0x0800018e   0x0800018e   0x00000008   Code   RO         3989    .ARM.Collect$$rtentry$$0000000D  c_w.l(__rtentry2.o)
    0x08000196   0x08000196   0x00000002   Code   RO         4075    .ARM.Collect$$rtexit$$00000000  c_w.l(rtexit.o)
    0x08000198   0x08000198   0x00000000   Code   RO         4123    .ARM.Collect$$rtexit$$00000002  c_w.l(rtexit2.o)
    0x08000198   0x08000198   0x00000004   Code   RO         4124    .ARM.Collect$$rtexit$$00000003  c_w.l(rtexit2.o)
    0x0800019c   0x0800019c   0x00000006   Code   RO         4125    .ARM.Collect$$rtexit$$00000004  c_w.l(rtexit2.o)
    0x080001a2   0x080001a2   0x00000002   PAD
    0x080001a4   0x080001a4   0x00000040   Code   RO           20  * .text               startup_stm32f10x_md.o
    0x080001e4   0x080001e4   0x0000002c   Code   RO         3836    .text               c_w.l(__2sprintf.o)
    0x08000210   0x08000210   0x00000078   Code   RO         3842    .text               c_w.l(_printf_dec.o)
    0x08000288   0x08000288   0x00000188   Code   RO         3861    .text               c_w.l(__printf_flags_ss_wp.o)
    0x08000410   0x08000410   0x0000001a   Code   RO         3866    .text               c_w.l(atoi.o)
    0x0800042a   0x0800042a   0x00000002   PAD
    0x0800042c   0x0800042c   0x0000000c   Code   RO         3868    .text               c_w.l(strtok.o)
    0x08000438   0x08000438   0x00000024   Code   RO         3871    .text               c_w.l(strncat.o)
    0x0800045c   0x0800045c   0x00000048   Code   RO         3873    .text               c_w.l(strcpy.o)
    0x080004a4   0x080004a4   0x0000003e   Code   RO         3875    .text               c_w.l(strlen.o)
    0x080004e2   0x080004e2   0x00000096   Code   RO         3877    .text               c_w.l(strncmp.o)
    0x08000578   0x08000578   0x00000018   Code   RO         3879    .text               c_w.l(strcat.o)
    0x08000590   0x08000590   0x00000044   Code   RO         3881    .text               c_w.l(rt_memclr.o)
    0x080005d4   0x080005d4   0x0000004e   Code   RO         3883    .text               c_w.l(rt_memclr_w.o)
    0x08000622   0x08000622   0x00000056   Code   RO         3885    .text               c_w.l(strncpy.o)
    0x08000678   0x08000678   0x00000080   Code   RO         3887    .text               c_w.l(strcmpv7m.o)
    0x080006f8   0x080006f8   0x00000006   Code   RO         3889    .text               c_w.l(heapauxi.o)
    0x080006fe   0x080006fe   0x00000002   PAD
    0x08000700   0x08000700   0x00000008   Code   RO         3897    .text               c_w.l(rt_errno_addr_intlibspace.o)
    0x08000708   0x08000708   0x000000b2   Code   RO         3905    .text               c_w.l(_printf_intcommon.o)
    0x080007ba   0x080007ba   0x00000002   PAD
    0x080007bc   0x080007bc   0x00000030   Code   RO         3909    .text               c_w.l(_printf_char_common.o)
    0x080007ec   0x080007ec   0x0000000a   Code   RO         3911    .text               c_w.l(_sputc.o)
    0x080007f6   0x080007f6   0x00000070   Code   RO         3967    .text               c_w.l(strtol.o)
    0x08000866   0x08000866   0x00000002   PAD
    0x08000868   0x08000868   0x00000044   Code   RO         3969    .text               c_w.l(strtok_int.o)
    0x080008ac   0x080008ac   0x00000008   Code   RO         3979    .text               c_w.l(libspace.o)
    0x080008b4   0x080008b4   0x00000010   Code   RO         3997    .text               c_w.l(rt_ctype_table.o)
    0x080008c4   0x080008c4   0x0000009e   Code   RO         4012    .text               c_w.l(_strtoul.o)
    0x08000962   0x08000962   0x00000020   Code   RO         4016    .text               c_w.l(strcspn.o)
    0x08000982   0x08000982   0x0000001c   Code   RO         4018    .text               c_w.l(strspn.o)
    0x0800099e   0x0800099e   0x0000004a   Code   RO         4020    .text               c_w.l(sys_stackheap_outer.o)
    0x080009e8   0x080009e8   0x00000008   Code   RO         4025    .text               c_w.l(rt_locale_intlibspace.o)
    0x080009f0   0x080009f0   0x0000001c   Code   RO         4029    .text               c_w.l(_chval.o)
    0x08000a0c   0x08000a0c   0x00000012   Code   RO         4062    .text               c_w.l(exit.o)
    0x08000a1e   0x08000a1e   0x00000002   PAD
    0x08000a20   0x08000a20   0x0000000c   Code   RO         4133    .text               c_w.l(sys_exit.o)
    0x08000a2c   0x08000a2c   0x00000002   Code   RO         4144    .text               c_w.l(use_no_semi.o)
    0x08000a2e   0x08000a2e   0x00000000   Code   RO         4146    .text               c_w.l(indicate_semi.o)
    0x08000a2e   0x08000a2e   0x00000002   PAD
    0x08000a30   0x08000a30   0x0000015c   Code   RO         3684    i.AdminChange       gui.o
    0x08000b8c   0x08000b8c   0x00000220   Code   RO         3685    i.AdminChangeMon    gui.o
    0x08000dac   0x08000dac   0x000002dc   Code   RO         3686    i.AdminChangeName   gui.o
    0x08001088   0x08001088   0x00000220   Code   RO         3687    i.AdminChangePwd    gui.o
    0x080012a8   0x080012a8   0x000001bc   Code   RO         3688    i.AdminDelete       gui.o
    0x08001464   0x08001464   0x00000298   Code   RO         3689    i.AdminManage       gui.o
    0x080016fc   0x080016fc   0x00000138   Code   RO         3690    i.AdminOperate      gui.o
    0x08001834   0x08001834   0x00000004   Code   RO          211    i.BusFault_Handler  stm32f10x_it.o
    0x08001838   0x08001838   0x00000168   Code   RO         3691    i.ChaYuE            gui.o
    0x080019a0   0x080019a0   0x00000418   Code   RO         3692    i.ChangeMoney       gui.o
    0x08001db8   0x08001db8   0x000000a0   Code   RO         3625    i.ChangeUserInfo    user.o
    0x08001e58   0x08001e58   0x00000264   Code   RO         3693    i.ConfirmPwd        gui.o
    0x080020bc   0x080020bc   0x000002c0   Code   RO         3694    i.CunKuan           gui.o
    0x0800237c   0x0800237c   0x00000002   Code   RO          212    i.DebugMon_Handler  stm32f10x_it.o
    0x0800237e   0x0800237e   0x00000018   Code   RO         3310    i.Delay_ms          delay.o
    0x08002396   0x08002396   0x00000018   Code   RO         3311    i.Delay_s           delay.o
    0x080023ae   0x080023ae   0x00000018   Code   RO         3312    i.Delay_us          delay.o
    0x080023c6   0x080023c6   0x00000002   PAD
    0x080023c8   0x080023c8   0x00000078   Code   RO         3626    i.DeleteUserInfo    user.o
    0x08002440   0x08002440   0x00000114   Code   RO         3534    i.EXTI0_IRQHandler  keyboard.o
    0x08002554   0x08002554   0x00000114   Code   RO         3535    i.EXTI1_IRQHandler  keyboard.o
    0x08002668   0x08002668   0x00000114   Code   RO         3536    i.EXTI2_IRQHandler  keyboard.o
    0x0800277c   0x0800277c   0x00000114   Code   RO         3537    i.EXTI3_IRQHandler  keyboard.o
    0x08002890   0x08002890   0x000000c8   Code   RO         3538    i.EXTI9_5_IRQHandler  keyboard.o
    0x08002958   0x08002958   0x0000000c   Code   RO         1099    i.EXTI_ClearITPendingBit  stm32f10x_exti.o
    0x08002964   0x08002964   0x00000028   Code   RO         1103    i.EXTI_GetITStatus  stm32f10x_exti.o
    0x0800298c   0x0800298c   0x00000094   Code   RO         1104    i.EXTI_Init         stm32f10x_exti.o
    0x08002a20   0x08002a20   0x00000030   Code   RO         3627    i.FindUser          user.o
    0x08002a50   0x08002a50   0x00000040   Code   RO         1458    i.GPIO_EXTILineConfig  stm32f10x_gpio.o
    0x08002a90   0x08002a90   0x00000116   Code   RO         1461    i.GPIO_Init         stm32f10x_gpio.o
    0x08002ba6   0x08002ba6   0x00000012   Code   RO         1465    i.GPIO_ReadInputDataBit  stm32f10x_gpio.o
    0x08002bb8   0x08002bb8   0x00000004   Code   RO         1468    i.GPIO_ResetBits    stm32f10x_gpio.o
    0x08002bbc   0x08002bbc   0x00000148   Code   RO         3577    i.GPIO_Set          gpio.o
    0x08002d04   0x08002d04   0x00000004   Code   RO         1469    i.GPIO_SetBits      stm32f10x_gpio.o
    0x08002d08   0x08002d08   0x0000000a   Code   RO         1472    i.GPIO_WriteBit     stm32f10x_gpio.o
    0x08002d12   0x08002d12   0x00000024   Code   RO         3695    i.GetNumLength      gui.o
    0x08002d36   0x08002d36   0x00000002   PAD
    0x08002d38   0x08002d38   0x00000020   Code   RO         3696    i.GetUnusedUserIndex  gui.o
    0x08002d58   0x08002d58   0x00000098   Code   RO         3628    i.GetUserInfo       user.o
    0x08002df0   0x08002df0   0x00000004   Code   RO          213    i.HardFault_Handler  stm32f10x_it.o
    0x08002df4   0x08002df4   0x0000001c   Code   RO         3629    i.InsertUserIndex   user.o
    0x08002e10   0x08002e10   0x00000004   Code   RO          214    i.MemManage_Handler  stm32f10x_it.o
    0x08002e14   0x08002e14   0x00000002   Code   RO          215    i.NMI_Handler       stm32f10x_it.o
    0x08002e16   0x08002e16   0x00000002   PAD
    0x08002e18   0x08002e18   0x00000070   Code   RO          274    i.NVIC_Init         misc.o
    0x08002e88   0x08002e88   0x00000014   Code   RO          275    i.NVIC_PriorityGroupConfig  misc.o
    0x08002e9c   0x08002e9c   0x0000002a   Code   RO         3334    i.OLED_Clear        oled.o
    0x08002ec6   0x08002ec6   0x00000002   PAD
    0x08002ec8   0x08002ec8   0x00000024   Code   RO         3335    i.OLED_ClearLine    oled.o
    0x08002eec   0x08002eec   0x00000050   Code   RO         3336    i.OLED_I2C_Init     oled.o
    0x08002f3c   0x08002f3c   0x00000054   Code   RO         3337    i.OLED_I2C_SendByte  oled.o
    0x08002f90   0x08002f90   0x00000034   Code   RO         3338    i.OLED_I2C_Start    oled.o
    0x08002fc4   0x08002fc4   0x00000028   Code   RO         3339    i.OLED_I2C_Stop     oled.o
    0x08002fec   0x08002fec   0x000000ae   Code   RO         3340    i.OLED_Init         oled.o
    0x0800309a   0x0800309a   0x00000014   Code   RO         3341    i.OLED_Pow          oled.o
    0x080030ae   0x080030ae   0x00000022   Code   RO         3342    i.OLED_SetCursor    oled.o
    0x080030d0   0x080030d0   0x00000074   Code   RO         3344    i.OLED_ShowChar     oled.o
    0x08003144   0x08003144   0x0000006c   Code   RO         3346    i.OLED_ShowIcon     oled.o
    0x080031b0   0x080031b0   0x00000044   Code   RO         3347    i.OLED_ShowNum      oled.o
    0x080031f4   0x080031f4   0x00000028   Code   RO         3349    i.OLED_ShowString   oled.o
    0x0800321c   0x0800321c   0x0000003e   Code   RO         3350    i.OLED_String       oled.o
    0x0800325a   0x0800325a   0x00000020   Code   RO         3351    i.OLED_WriteCommand  oled.o
    0x0800327a   0x0800327a   0x00000020   Code   RO         3352    i.OLED_WriteData    oled.o
    0x0800329a   0x0800329a   0x00000002   PAD
    0x0800329c   0x0800329c   0x00000040   Code   RO         1828    i.PWR_EnterSTOPMode  stm32f10x_pwr.o
    0x080032dc   0x080032dc   0x00000002   Code   RO          216    i.PendSV_Handler    stm32f10x_it.o
    0x080032de   0x080032de   0x00000002   PAD
    0x080032e0   0x080032e0   0x00000354   Code   RO         3697    i.QuKuan            gui.o
    0x08003634   0x08003634   0x00000020   Code   RO         1889    i.RCC_APB1PeriphClockCmd  stm32f10x_rcc.o
    0x08003654   0x08003654   0x00000020   Code   RO         1891    i.RCC_APB2PeriphClockCmd  stm32f10x_rcc.o
    0x08003674   0x08003674   0x000000d4   Code   RO         1899    i.RCC_GetClocksFreq  stm32f10x_rcc.o
    0x08003748   0x08003748   0x00000260   Code   RO         3698    i.Reg               gui.o
    0x080039a8   0x080039a8   0x00000002   Code   RO          217    i.SVC_Handler       stm32f10x_it.o
    0x080039aa   0x080039aa   0x00000026   Code   RO         3630    i.SendGet           user.o
    0x080039d0   0x080039d0   0x000000b0   Code   RO         3463    i.Serial_Init       usart.o
    0x08003a80   0x08003a80   0x00000020   Code   RO         3467    i.Serial_SendByte   usart.o
    0x08003aa0   0x08003aa0   0x0000001a   Code   RO         3469    i.Serial_SendString  usart.o
    0x08003aba   0x08003aba   0x00000002   PAD
    0x08003abc   0x08003abc   0x00000394   Code   RO         3699    i.SetPwd            gui.o
    0x08003e50   0x08003e50   0x00000008   Code   RO           24    i.SetSysClock       system_stm32f10x.o
    0x08003e58   0x08003e58   0x000000e0   Code   RO           25    i.SetSysClockTo72   system_stm32f10x.o
    0x08003f38   0x08003f38   0x00000002   Code   RO          218    i.SysTick_Handler   stm32f10x_it.o
    0x08003f3a   0x08003f3a   0x00000002   PAD
    0x08003f3c   0x08003f3c   0x00000060   Code   RO           27    i.SystemInit        system_stm32f10x.o
    0x08003f9c   0x08003f9c   0x000000a0   Code   RO         3593    i.TIM2_IRQHandler   timer.o
    0x0800403c   0x0800403c   0x00000006   Code   RO         2529    i.TIM_ClearFlag     stm32f10x_tim.o
    0x08004042   0x08004042   0x00000006   Code   RO         2530    i.TIM_ClearITPendingBit  stm32f10x_tim.o
    0x08004048   0x08004048   0x00000018   Code   RO         2535    i.TIM_Cmd           stm32f10x_tim.o
    0x08004060   0x08004060   0x00000022   Code   RO         2556    i.TIM_GetITStatus   stm32f10x_tim.o
    0x08004082   0x08004082   0x00000012   Code   RO         2560    i.TIM_ITConfig      stm32f10x_tim.o
    0x08004094   0x08004094   0x0000000c   Code   RO         2562    i.TIM_InternalClockConfig  stm32f10x_tim.o
    0x080040a0   0x080040a0   0x000000a4   Code   RO         2606    i.TIM_TimeBaseInit  stm32f10x_tim.o
    0x08004144   0x08004144   0x00000074   Code   RO         3594    i.Timer_Init        timer.o
    0x080041b8   0x080041b8   0x0000026c   Code   RO         3700    i.Transfer          gui.o
    0x08004424   0x08004424   0x00000500   Code   RO         3701    i.TransferMoney     gui.o
    0x08004924   0x08004924   0x000000a0   Code   RO         3470    i.USART1_IRQHandler  usart.o
    0x080049c4   0x080049c4   0x0000001e   Code   RO         3071    i.USART_ClearITPendingBit  stm32f10x_usart.o
    0x080049e2   0x080049e2   0x00000018   Code   RO         3074    i.USART_Cmd         stm32f10x_usart.o
    0x080049fa   0x080049fa   0x0000001a   Code   RO         3077    i.USART_GetFlagStatus  stm32f10x_usart.o
    0x08004a14   0x08004a14   0x00000054   Code   RO         3078    i.USART_GetITStatus  stm32f10x_usart.o
    0x08004a68   0x08004a68   0x0000004a   Code   RO         3080    i.USART_ITConfig    stm32f10x_usart.o
    0x08004ab2   0x08004ab2   0x00000002   PAD
    0x08004ab4   0x08004ab4   0x000000d8   Code   RO         3081    i.USART_Init        stm32f10x_usart.o
    0x08004b8c   0x08004b8c   0x0000000a   Code   RO         3088    i.USART_ReceiveData  stm32f10x_usart.o
    0x08004b96   0x08004b96   0x00000008   Code   RO         3091    i.USART_SendData    stm32f10x_usart.o
    0x08004b9e   0x08004b9e   0x00000004   Code   RO          219    i.UsageFault_Handler  stm32f10x_it.o
    0x08004ba2   0x08004ba2   0x00000002   PAD
    0x08004ba4   0x08004ba4   0x0000023c   Code   RO         3702    i.UserOperate       gui.o
    0x08004de0   0x08004de0   0x000001a8   Code   RO         3631    i.User_Init         user.o
    0x08004f88   0x08004f88   0x000000f4   Code   RO         3703    i.YiChu             gui.o
    0x0800507c   0x0800507c   0x0000000e   Code   RO         3854    i._is_digit         c_w.l(__printf_wp.o)
    0x0800508a   0x0800508a   0x00000002   PAD
    0x0800508c   0x0800508c   0x00000254   Code   RO         3704    i.login             gui.o
    0x080052e0   0x080052e0   0x00000158   Code   RO          137    i.main              main.o
    0x08005438   0x08005438   0x000003c0   Code   RO         3705    i.verify            gui.o
    0x080057f8   0x080057f8   0x0000002c   Code   RO         4057    locale$$code        c_w.l(lc_ctype_c.o)
    0x08005824   0x08005824   0x000016f0   Data   RO         3353    .constdata          oled.o
    0x08006f14   0x08006f14   0x00000011   Data   RO         3862    .constdata          c_w.l(__printf_flags_ss_wp.o)
    0x08006f25   0x08006f25   0x00000003   PAD
    0x08006f28   0x08006f28   0x00000020   Data   RO         4199    Region$$Table       anon$$obj.o
    0x08006f48   0x08006f48   0x00000110   Data   RO         4056    locale$$data        c_w.l(lc_ctype_c.o)


    Execution Region ER_RW (Exec base: 0x20000000, Load base: 0x08007058, Size: 0x00000044, Max: 0xffffffff, ABSOLUTE)

    Exec Addr    Load Addr    Size         Type   Attr      Idx    E Section Name        Object

    0x20000000   0x08007058   0x00000028   Data   RW          139    .data               main.o
    0x20000028   0x08007080   0x00000014   Data   RW         1919    .data               stm32f10x_rcc.o
    0x2000003c   0x08007094   0x00000003   Data   RW         3473    .data               usart.o
    0x2000003f   0x08007097   0x00000001   PAD
    0x20000040   0x08007098   0x00000004   Data   RW         3869    .data               c_w.l(strtok.o)


    Execution Region ER_ZI (Exec base: 0x20000044, Load base: 0x0800709c, Size: 0x00000814, Max: 0xffffffff, ABSOLUTE)

    Exec Addr    Load Addr    Size         Type   Attr      Idx    E Section Name        Object

    0x20000044        -       0x00000150   Zero   RW          138    .bss                main.o
    0x20000194        -       0x00000064   Zero   RW         3472    .bss                usart.o
    0x200001f8        -       0x00000060   Zero   RW         3980    .bss                c_w.l(libspace.o)
    0x20000258        -       0x00000200   Zero   RW           18    HEAP                startup_stm32f10x_md.o
    0x20000458        -       0x00000400   Zero   RW           17    STACK               startup_stm32f10x_md.o


==============================================================================

Image component sizes


      Code (inc. data)   RO Data    RW Data    ZI Data      Debug   Object Name

         0          0          0          0          0       4532   core_cm3.o
        72          0          0          0          0       1340   delay.o
       328         12          0          0          0        659   gpio.o
     13028        832          0          0          0      19301   gui.o
      1304         44          0          0          0       3049   keyboard.o
       344         36          0         40        336     207565   main.o
       132         22          0          0          0       3087   misc.o
      1020         48       5872          0          0       9584   oled.o
        64         26        236          0       1536        764   startup_stm32f10x_md.o
       200         18          0          0          0       4092   stm32f10x_exti.o
       378          4          0          0          0      12846   stm32f10x_gpio.o
        26          0          0          0          0       3478   stm32f10x_it.o
        64         10          0          0          0        584   stm32f10x_pwr.o
       276         32          0         20          0      12938   stm32f10x_rcc.o
       264         42          0          0          0      24512   stm32f10x_tim.o
       472          6          0          0          0      12367   stm32f10x_usart.o
       328         28          0          0          0      45125   system_stm32f10x.o
       276         22          0          0          0        995   timer.o
       394         34          0          3        100       2880   usart.o
       970         92          0          0          0       4035   user.o

    ----------------------------------------------------------------------
     19960       1308       6140         64       1972     373733   Object Totals
         0          0         32          0          0          0   (incl. Generated)
        20          0          0          1          0          0   (incl. Padding)

    ----------------------------------------------------------------------

      Code (inc. data)   RO Data    RW Data    ZI Data      Debug   Library Member Name

        44          6          0          0          0         84   __2sprintf.o
         8          0          0          0          0         68   __main.o
       392          4         17          0          0         92   __printf_flags_ss_wp.o
        14          0          0          0          0         68   __printf_wp.o
         0          0          0          0          0          0   __rtentry.o
        12          0          0          0          0          0   __rtentry2.o
         6          0          0          0          0          0   __rtentry4.o
        52          8          0          0          0          0   __scatter.o
        26          0          0          0          0          0   __scatter_copy.o
        28          0          0          0          0          0   __scatter_zi.o
        28          0          0          0          0         68   _chval.o
        48          6          0          0          0         96   _printf_char_common.o
         6          0          0          0          0          0   _printf_d.o
       120         16          0          0          0         92   _printf_dec.o
       178          0          0          0          0         88   _printf_intcommon.o
         0          0          0          0          0          0   _printf_percent.o
         4          0          0          0          0          0   _printf_percent_end.o
        10          0          0          0          0         68   _sputc.o
       158          0          0          0          0         92   _strtoul.o
        26          0          0          0          0         80   atoi.o
        18          0          0          0          0         80   exit.o
         6          0          0          0          0        152   heapauxi.o
         0          0          0          0          0          0   indicate_semi.o
        44         10        272          0          0         76   lc_ctype_c.o
         2          0          0          0          0          0   libinit.o
        20          0          0          0          0          0   libinit2.o
         2          0          0          0          0          0   libshutdown.o
         2          0          0          0          0          0   libshutdown2.o
         8          4          0          0         96         68   libspace.o
        16          4          0          0          0         76   rt_ctype_table.o
         8          4          0          0          0         68   rt_errno_addr_intlibspace.o
         8          4          0          0          0         68   rt_locale_intlibspace.o
        68          0          0          0          0         68   rt_memclr.o
        78          0          0          0          0         80   rt_memclr_w.o
         2          0          0          0          0          0   rtexit.o
        10          0          0          0          0          0   rtexit2.o
        24          0          0          0          0         68   strcat.o
       128          0          0          0          0         68   strcmpv7m.o
        72          0          0          0          0         80   strcpy.o
        32          0          0          0          0         80   strcspn.o
        62          0          0          0          0         76   strlen.o
        36          0          0          0          0         76   strncat.o
       150          0          0          0          0         80   strncmp.o
        86          0          0          0          0         76   strncpy.o
        28          0          0          0          0         80   strspn.o
        12          6          0          4          0         68   strtok.o
        68          4          0          0          0         84   strtok_int.o
       112          0          0          0          0         88   strtol.o
        12          4          0          0          0         68   sys_exit.o
        74          0          0          0          0         80   sys_stackheap_outer.o
         2          0          0          0          0         68   use_no_semi.o

    ----------------------------------------------------------------------
      2368         80        292          4         96       2772   Library Totals
        18          0          3          0          0          0   (incl. Padding)

    ----------------------------------------------------------------------

      Code (inc. data)   RO Data    RW Data    ZI Data      Debug   Library Name

      2350         80        289          4         96       2772   c_w.l

    ----------------------------------------------------------------------
      2368         80        292          4         96       2772   Library Totals

    ----------------------------------------------------------------------

==============================================================================


      Code (inc. data)   RO Data    RW Data    ZI Data      Debug   

     22328       1388       6432         68       2068     369741   Grand Totals
     22328       1388       6432         68       2068     369741   ELF Image Totals
     22328       1388       6432         68          0          0   ROM Totals

==============================================================================

    Total RO  Size (Code + RO Data)                28760 (  28.09kB)
    Total RW  Size (RW Data + ZI Data)              2136 (   2.09kB)
    Total ROM Size (Code + RO Data + RW Data)      28828 (  28.15kB)

==============================================================================

